<html>
<body>
<pre>
<h1>礦ision Build Log</h1>
<h2>Tool Versions:</h2>
IDE-Version: μVision V5.28.0.0
Copyright (C) 2019 ARM Ltd and ARM Germany GmbH. All rights reserved.
License Information: qin qin, qin, LIC=CZLZX-HXK3D-LQM0Q-NMDS6-NT05T-7Y33M
 
Tool Versions:
Toolchain:       MDK-ARM Plus  Version: 5.28.0.0
Toolchain Path:  D:\Keil_v5\ARM\ARMCC\Bin
C Compiler:      Armcc.exe V5.06 update 6 (build 750)
Assembler:       Armasm.exe V5.06 update 6 (build 750)
Linker/Locator:  ArmLink.exe V5.06 update 6 (build 750)
Library Manager: ArmAr.exe V5.06 update 6 (build 750)
Hex Converter:   FromElf.exe V5.06 update 6 (build 750)
CPU DLL:         SARMCM3.DLL V5.28.0.0
Dialog DLL:      DCM.DLL V1.17.3.0
Target DLL:      CMSIS_AGDI.dll V1.31.18.0
Dialog DLL:      TCM.DLL V1.36.2.0
 
<h2>Project:</h2>
C:\Users\qin\Desktop\code\SmartPump\Template.uvprojx
Project File Date:  03/23/2023

<h2>Output:</h2>
*** Using Compiler 'V5.06 update 6 (build 750)', folder: 'D:\Keil_v5\ARM\ARMCC\Bin'
Rebuild target 'Target 1'
assembling startup_stm32f10x_hd.s...
compiling stm32f10x_gpio.c...
compiling misc.c...
compiling stm32f10x_it.c...
compiling stm32f10x_exti.c...
compiling stm32f10x_rcc.c...
compiling main.c...
User\main.c(21): warning:  #177-D: variable "i"  was declared but never referenced
      u8 key, i;			  // button用于记录按键下的次数，这里在rest时会清零。
User\main.c: 1 warning, 0 errors
compiling stm32f10x_tim.c...
compiling stm32f10x_bkp.c...
compiling stm32f10x_pwr.c...
compiling stm32f10x_wwdg.c...
compiling stm32f10x_iwdg.c...
compiling stm32f10x_usart.c...
compiling stm32f10x_adc.c...
compiling stm32f10x_dac.c...
compiling core_cm3.c...
compiling stm32f10x_dma.c...
compiling stm32f10x_rtc.c...
compiling system_stm32f10x.c...
compiling stm32f10x_fsmc.c...
compiling stm32f10x_can.c...
compiling led.c...
compiling key.c...
compiling beep.c...
compiling lcdshowinit.c...
APP\lcdshowinit\lcdshowinit.c(58): warning:  #223-D: function "sprintf" declared implicitly
      sprintf(str, "%u", num);
APP\lcdshowinit\lcdshowinit.c: 1 warning, 0 errors
compiling tftlcd.c...
APP\tftlcd\tftlcd.c(4000): warning:  #550-D: variable "num"  was set but never used
  	long tmp=0,num=0;
APP\tftlcd\tftlcd.c: 1 warning, 0 errors
compiling adc.c...
compiling waterpump.c...
APP\waterpump\waterpump.c(34): warning:  #1-D: last line of file ends without a newline
  }
APP\waterpump\waterpump.c: 1 warning, 0 errors
compiling water.c...
APP\water\water.c(25): warning:  #223-D: function "delay_ms" declared implicitly
  		delay_ms(5);
APP\water\water.c(40): warning:  #223-D: function "delay_ms" declared implicitly
  		delay_ms(5);
APP\water\water.c(165): warning:  #223-D: function "delay_ms" declared implicitly
  		delay_ms(500);
APP\water\water.c: 3 warnings, 0 errors
compiling waterflow.c...
APP\waterflow\waterflow.c(44): warning:  #223-D: function "delay_ms" declared implicitly
          delay_ms(1000);
APP\waterflow\waterflow.c(70): warning:  #69-D: integer conversion resulted in truncation
      TIM_TimeBaseStructure.TIM_Period = 0xFFFFFFFF; // 鏈�澶ц鏁板�?
APP\waterflow\waterflow.c: 2 warnings, 0 errors
compiling SPI2.c...
compiling system.c...
compiling SysTick.c...
compiling delay.c...
compiling usart.c...
Public\usart.c(283): warning:  #1-D: last line of file ends without a newline
  }
Public\usart.c: 1 warning, 0 errors
linking...
Program Size: Code=11992 RO-data=39048 RW-data=64 ZI-data=1240  
FromELF: creating hex file...
".\Obj\Template.axf" - 0 Error(s), 10 Warning(s).

<h2>Software Packages used:</h2>

Package Vendor: Keil
                http://www.keil.com/pack/Keil.STM32F1xx_DFP.1.0.5.pack
                Keil.STM32F1xx_DFP.1.0.5
                STMicroelectronics STM32F1 Series Device Support, Drivers and Examples

<h2>Collection of Component include folders:</h2>
  .\RTE\_Target_1
  D:\Users\qin\AppData\Local\Arm\Packs\Keil\STM32F1xx_DFP\1.0.5\Device\Include

<h2>Collection of Component Files used:</h2>
Build Time Elapsed:  00:00:08
</pre>
</body>
</html>
