Component: ARM Compiler 5.06 update 6 (build 750) Tool: armlink [4d35ed]

==============================================================================

Section Cross References

    main.o(i.main) refers to misc.o(i.NVIC_PriorityGroupConfig) for NVIC_PriorityGroupConfig
    main.o(i.main) refers to key.o(i.KEY_Init) for KEY_Init
    main.o(i.main) refers to systick.o(i.SysTick_Init) for SysTick_Init
    main.o(i.main) refers to waterpump.o(i.pump_init) for pump_init
    main.o(i.main) refers to led.o(i.LED_Init) for LED_Init
    main.o(i.main) refers to usart.o(i.USART1_Init) for USART1_Init
    main.o(i.main) refers to usart.o(i.Usart2_Init) for Usart2_Init
    main.o(i.main) refers to tftlcd.o(i.TFTLCD_Init) for TFTLCD_Init
    main.o(i.main) refers to lcdshowinit.o(i.New_Lcd_Show_Init) for New_Lcd_Show_Init
    main.o(i.main) refers to adc.o(i.Adc_Init) for Adc_Init
    main.o(i.main) refers to usart.o(i.UsartPrintf) for UsartPrintf
    main.o(i.main) refers to waterpump.o(i.pump_stop_1) for pump_stop_1
    main.o(i.main) refers to waterpump.o(i.pump_stop_2) for pump_stop_2
    main.o(i.main) refers to key.o(i.KEY_Scan) for KEY_Scan
    main.o(i.main) refers to waterpump.o(i.pump_start_1) for pump_start_1
    main.o(i.main) refers to lcdshowinit.o(i.button_count) for button_count
    main.o(i.main) refers to lcdshowinit.o(i.u16_to_string) for u16_to_string
    main.o(i.main) refers to tftlcd.o(i.LCD_ShowString) for LCD_ShowString
    main.o(i.main) refers to waterpump.o(i.pump_start_2) for pump_start_2
    main.o(i.main) refers to stm32f10x_gpio.o(i.GPIO_ReadInputDataBit) for GPIO_ReadInputDataBit
    main.o(i.main) refers to printfa.o(i.__0printf) for __2printf
    main.o(i.main) refers to water.o(i.Get_LiquidHeight) for Get_LiquidHeight
    main.o(i.main) refers to ffixui.o(.text) for __aeabi_f2uiz
    main.o(i.main) refers to ffltui.o(.text) for __aeabi_ui2f
    main.o(i.main) refers to fadd.o(.text) for __aeabi_frsub
    main.o(i.main) refers to fmul.o(.text) for __aeabi_fmul
    main.o(i.main) refers to tftlcd.o(.data) for tftlcd_data
    startup_stm32f10x_hd.o(RESET) refers to startup_stm32f10x_hd.o(STACK) for __initial_sp
    startup_stm32f10x_hd.o(RESET) refers to startup_stm32f10x_hd.o(.text) for Reset_Handler
    startup_stm32f10x_hd.o(RESET) refers to stm32f10x_it.o(i.NMI_Handler) for NMI_Handler
    startup_stm32f10x_hd.o(RESET) refers to stm32f10x_it.o(i.HardFault_Handler) for HardFault_Handler
    startup_stm32f10x_hd.o(RESET) refers to stm32f10x_it.o(i.MemManage_Handler) for MemManage_Handler
    startup_stm32f10x_hd.o(RESET) refers to stm32f10x_it.o(i.BusFault_Handler) for BusFault_Handler
    startup_stm32f10x_hd.o(RESET) refers to stm32f10x_it.o(i.UsageFault_Handler) for UsageFault_Handler
    startup_stm32f10x_hd.o(RESET) refers to stm32f10x_it.o(i.SVC_Handler) for SVC_Handler
    startup_stm32f10x_hd.o(RESET) refers to stm32f10x_it.o(i.DebugMon_Handler) for DebugMon_Handler
    startup_stm32f10x_hd.o(RESET) refers to stm32f10x_it.o(i.PendSV_Handler) for PendSV_Handler
    startup_stm32f10x_hd.o(RESET) refers to stm32f10x_it.o(i.SysTick_Handler) for SysTick_Handler
    startup_stm32f10x_hd.o(RESET) refers to waterflow.o(i.TIM2_IRQHandler) for TIM2_IRQHandler
    startup_stm32f10x_hd.o(RESET) refers to usart.o(i.USART1_IRQHandler) for USART1_IRQHandler
    startup_stm32f10x_hd.o(.text) refers to system_stm32f10x.o(i.SystemInit) for SystemInit
    startup_stm32f10x_hd.o(.text) refers to entry.o(.ARM.Collect$$$$00000000) for __main
    stm32f10x_gpio.o(i.GPIO_AFIODeInit) refers to stm32f10x_rcc.o(i.RCC_APB2PeriphResetCmd) for RCC_APB2PeriphResetCmd
    stm32f10x_gpio.o(i.GPIO_DeInit) refers to stm32f10x_rcc.o(i.RCC_APB2PeriphResetCmd) for RCC_APB2PeriphResetCmd
    stm32f10x_rcc.o(i.RCC_GetClocksFreq) refers to stm32f10x_rcc.o(.data) for APBAHBPrescTable
    stm32f10x_rcc.o(i.RCC_WaitForHSEStartUp) refers to stm32f10x_rcc.o(i.RCC_GetFlagStatus) for RCC_GetFlagStatus
    stm32f10x_tim.o(i.TIM_DeInit) refers to stm32f10x_rcc.o(i.RCC_APB2PeriphResetCmd) for RCC_APB2PeriphResetCmd
    stm32f10x_tim.o(i.TIM_DeInit) refers to stm32f10x_rcc.o(i.RCC_APB1PeriphResetCmd) for RCC_APB1PeriphResetCmd
    stm32f10x_tim.o(i.TIM_ETRClockMode1Config) refers to stm32f10x_tim.o(i.TIM_ETRConfig) for TIM_ETRConfig
    stm32f10x_tim.o(i.TIM_ETRClockMode2Config) refers to stm32f10x_tim.o(i.TIM_ETRConfig) for TIM_ETRConfig
    stm32f10x_tim.o(i.TIM_ICInit) refers to stm32f10x_tim.o(i.TI1_Config) for TI1_Config
    stm32f10x_tim.o(i.TIM_ICInit) refers to stm32f10x_tim.o(i.TIM_SetIC1Prescaler) for TIM_SetIC1Prescaler
    stm32f10x_tim.o(i.TIM_ICInit) refers to stm32f10x_tim.o(i.TI2_Config) for TI2_Config
    stm32f10x_tim.o(i.TIM_ICInit) refers to stm32f10x_tim.o(i.TIM_SetIC2Prescaler) for TIM_SetIC2Prescaler
    stm32f10x_tim.o(i.TIM_ICInit) refers to stm32f10x_tim.o(i.TI3_Config) for TI3_Config
    stm32f10x_tim.o(i.TIM_ICInit) refers to stm32f10x_tim.o(i.TIM_SetIC3Prescaler) for TIM_SetIC3Prescaler
[...]
    Removing stm32f10x_tim.o(i.TIM_OC2Init), (164 bytes).
    Removing stm32f10x_tim.o(i.TIM_OC2NPolarityConfig), (26 bytes).
    Removing stm32f10x_tim.o(i.TIM_OC2PolarityConfig), (26 bytes).
    Removing stm32f10x_tim.o(i.TIM_OC2PreloadConfig), (26 bytes).
    Removing stm32f10x_tim.o(i.TIM_OC3FastConfig), (18 bytes).
    Removing stm32f10x_tim.o(i.TIM_OC3Init), (160 bytes).
    Removing stm32f10x_tim.o(i.TIM_OC3NPolarityConfig), (26 bytes).
    Removing stm32f10x_tim.o(i.TIM_OC3PolarityConfig), (26 bytes).
    Removing stm32f10x_tim.o(i.TIM_OC3PreloadConfig), (18 bytes).
    Removing stm32f10x_tim.o(i.TIM_OC4FastConfig), (26 bytes).
    Removing stm32f10x_tim.o(i.TIM_OC4Init), (124 bytes).
    Removing stm32f10x_tim.o(i.TIM_OC4PolarityConfig), (26 bytes).
    Removing stm32f10x_tim.o(i.TIM_OC4PreloadConfig), (26 bytes).
    Removing stm32f10x_tim.o(i.TIM_OCStructInit), (20 bytes).
    Removing stm32f10x_tim.o(i.TIM_PWMIConfig), (124 bytes).
    Removing stm32f10x_tim.o(i.TIM_PrescalerConfig), (6 bytes).
    Removing stm32f10x_tim.o(i.TIM_SelectCCDMA), (24 bytes).
    Removing stm32f10x_tim.o(i.TIM_SelectCOM), (24 bytes).
    Removing stm32f10x_tim.o(i.TIM_SelectHallSensor), (24 bytes).
    Removing stm32f10x_tim.o(i.TIM_SelectInputTrigger), (18 bytes).
    Removing stm32f10x_tim.o(i.TIM_SelectMasterSlaveMode), (18 bytes).
    Removing stm32f10x_tim.o(i.TIM_SelectOCxM), (82 bytes).
    Removing stm32f10x_tim.o(i.TIM_SelectOnePulseMode), (18 bytes).
    Removing stm32f10x_tim.o(i.TIM_SelectOutputTrigger), (18 bytes).
    Removing stm32f10x_tim.o(i.TIM_SelectSlaveMode), (18 bytes).
    Removing stm32f10x_tim.o(i.TIM_SetAutoreload), (4 bytes).
    Removing stm32f10x_tim.o(i.TIM_SetClockDivision), (18 bytes).
    Removing stm32f10x_tim.o(i.TIM_SetCompare1), (4 bytes).
    Removing stm32f10x_tim.o(i.TIM_SetCompare2), (4 bytes).
    Removing stm32f10x_tim.o(i.TIM_SetCompare3), (4 bytes).
    Removing stm32f10x_tim.o(i.TIM_SetCompare4), (6 bytes).
    Removing stm32f10x_tim.o(i.TIM_SetCounter), (4 bytes).
    Removing stm32f10x_tim.o(i.TIM_SetIC1Prescaler), (18 bytes).
    Removing stm32f10x_tim.o(i.TIM_SetIC2Prescaler), (26 bytes).
    Removing stm32f10x_tim.o(i.TIM_SetIC3Prescaler), (18 bytes).
    Removing stm32f10x_tim.o(i.TIM_SetIC4Prescaler), (26 bytes).
    Removing stm32f10x_tim.o(i.TIM_TIxExternalClockConfig), (62 bytes).
    Removing stm32f10x_tim.o(i.TIM_TimeBaseInit), (164 bytes).
    Removing stm32f10x_tim.o(i.TIM_TimeBaseStructInit), (18 bytes).
    Removing stm32f10x_tim.o(i.TIM_UpdateDisableConfig), (24 bytes).
    Removing stm32f10x_tim.o(i.TIM_UpdateRequestConfig), (24 bytes).
    Removing stm32f10x_usart.o(i.USART_ClearITPendingBit), (30 bytes).
    Removing stm32f10x_usart.o(i.USART_ClockInit), (34 bytes).
    Removing stm32f10x_usart.o(i.USART_ClockStructInit), (12 bytes).
    Removing stm32f10x_usart.o(i.USART_DMACmd), (18 bytes).
    Removing stm32f10x_usart.o(i.USART_DeInit), (156 bytes).
    Removing stm32f10x_usart.o(i.USART_HalfDuplexCmd), (24 bytes).
    Removing stm32f10x_usart.o(i.USART_IrDACmd), (24 bytes).
    Removing stm32f10x_usart.o(i.USART_IrDAConfig), (18 bytes).
    Removing stm32f10x_usart.o(i.USART_LINBreakDetectLengthConfig), (18 bytes).
    Removing stm32f10x_usart.o(i.USART_LINCmd), (24 bytes).
    Removing stm32f10x_usart.o(i.USART_OneBitMethodCmd), (24 bytes).
    Removing stm32f10x_usart.o(i.USART_OverSampling8Cmd), (22 bytes).
    Removing stm32f10x_usart.o(i.USART_ReceiverWakeUpCmd), (24 bytes).
    Removing stm32f10x_usart.o(i.USART_SendBreak), (10 bytes).
    Removing stm32f10x_usart.o(i.USART_SetAddress), (18 bytes).
    Removing stm32f10x_usart.o(i.USART_SetGuardTime), (16 bytes).
    Removing stm32f10x_usart.o(i.USART_SetPrescaler), (16 bytes).
    Removing stm32f10x_usart.o(i.USART_SmartCardCmd), (24 bytes).
    Removing stm32f10x_usart.o(i.USART_SmartCardNACKCmd), (24 bytes).
    Removing stm32f10x_usart.o(i.USART_StructInit), (24 bytes).
    Removing stm32f10x_usart.o(i.USART_WakeUpConfig), (18 bytes).
    Removing stm32f10x_iwdg.o(i.IWDG_Enable), (16 bytes).
    Removing stm32f10x_iwdg.o(i.IWDG_GetFlagStatus), (24 bytes).
    Removing stm32f10x_iwdg.o(i.IWDG_ReloadCounter), (16 bytes).
    Removing stm32f10x_iwdg.o(i.IWDG_SetPrescaler), (12 bytes).
    Removing stm32f10x_iwdg.o(i.IWDG_SetReload), (12 bytes).
    Removing stm32f10x_iwdg.o(i.IWDG_WriteAccessCmd), (12 bytes).
    Removing stm32f10x_wwdg.o(i.WWDG_ClearFlag), (12 bytes).
    Removing stm32f10x_wwdg.o(i.WWDG_DeInit), (22 bytes).
    Removing stm32f10x_wwdg.o(i.WWDG_Enable), (16 bytes).
    Removing stm32f10x_wwdg.o(i.WWDG_EnableIT), (12 bytes).
    Removing stm32f10x_wwdg.o(i.WWDG_GetFlagStatus), (12 bytes).
    Removing stm32f10x_wwdg.o(i.WWDG_SetCounter), (16 bytes).
    Removing stm32f10x_wwdg.o(i.WWDG_SetPrescaler), (24 bytes).
    Removing stm32f10x_wwdg.o(i.WWDG_SetWindowValue), (40 bytes).
    Removing stm32f10x_bkp.o(i.BKP_ClearFlag), (20 bytes).
    Removing stm32f10x_bkp.o(i.BKP_ClearITPendingBit), (20 bytes).
    Removing stm32f10x_bkp.o(i.BKP_DeInit), (16 bytes).
    Removing stm32f10x_bkp.o(i.BKP_GetFlagStatus), (12 bytes).
    Removing stm32f10x_bkp.o(i.BKP_GetITStatus), (12 bytes).
    Removing stm32f10x_bkp.o(i.BKP_ITConfig), (12 bytes).
    Removing stm32f10x_bkp.o(i.BKP_RTCOutputConfig), (28 bytes).
    Removing stm32f10x_bkp.o(i.BKP_ReadBackupRegister), (28 bytes).
    Removing stm32f10x_bkp.o(i.BKP_SetRTCCalibrationValue), (28 bytes).
    Removing stm32f10x_bkp.o(i.BKP_TamperPinCmd), (12 bytes).
    Removing stm32f10x_bkp.o(i.BKP_TamperPinLevelConfig), (12 bytes).
    Removing stm32f10x_bkp.o(i.BKP_WriteBackupRegister), (28 bytes).
    Removing stm32f10x_pwr.o(i.PWR_BackupAccessCmd), (12 bytes).
    Removing stm32f10x_pwr.o(i.PWR_ClearFlag), (20 bytes).
    Removing stm32f10x_pwr.o(i.PWR_DeInit), (22 bytes).
    Removing stm32f10x_pwr.o(i.PWR_EnterSTANDBYMode), (52 bytes).
    Removing stm32f10x_pwr.o(i.PWR_EnterSTOPMode), (64 bytes).
    Removing stm32f10x_pwr.o(i.PWR_GetFlagStatus), (24 bytes).
    Removing stm32f10x_pwr.o(i.PWR_PVDCmd), (12 bytes).
    Removing stm32f10x_pwr.o(i.PWR_PVDLevelConfig), (24 bytes).
    Removing stm32f10x_pwr.o(i.PWR_WakeUpPinCmd), (12 bytes).
    Removing stm32f10x_adc.o(i.ADC_AnalogWatchdogCmd), (20 bytes).
    Removing stm32f10x_adc.o(i.ADC_AnalogWatchdogSingleChannelConfig), (16 bytes).
    Removing stm32f10x_adc.o(i.ADC_AnalogWatchdogThresholdsConfig), (6 bytes).
    Removing stm32f10x_adc.o(i.ADC_AutoInjectedConvCmd), (22 bytes).
    Removing stm32f10x_adc.o(i.ADC_ClearFlag), (6 bytes).
    Removing stm32f10x_adc.o(i.ADC_ClearITPendingBit), (10 bytes).
    Removing stm32f10x_adc.o(i.ADC_DiscModeChannelCountConfig), (24 bytes).
    Removing stm32f10x_adc.o(i.ADC_DiscModeCmd), (22 bytes).
    Removing stm32f10x_adc.o(i.ADC_ExternalTrigConvCmd), (22 bytes).
    Removing stm32f10x_adc.o(i.ADC_ExternalTrigInjectedConvCmd), (22 bytes).
    Removing stm32f10x_adc.o(i.ADC_ExternalTrigInjectedConvConfig), (16 bytes).
    Removing stm32f10x_adc.o(i.ADC_GetConversionValue), (8 bytes).
    Removing stm32f10x_adc.o(i.ADC_GetDualModeConversionValue), (12 bytes).
    Removing stm32f10x_adc.o(i.ADC_GetFlagStatus), (18 bytes).
    Removing stm32f10x_adc.o(i.ADC_GetITStatus), (36 bytes).
    Removing stm32f10x_adc.o(i.ADC_GetInjectedConversionValue), (28 bytes).
    Removing stm32f10x_adc.o(i.ADC_GetSoftwareStartConvStatus), (20 bytes).
    Removing stm32f10x_adc.o(i.ADC_GetSoftwareStartInjectedConvCmdStatus), (20 bytes).
    Removing stm32f10x_adc.o(i.ADC_ITConfig), (24 bytes).
    Removing stm32f10x_adc.o(i.ADC_InjectedChannelConfig), (130 bytes).
    Removing stm32f10x_adc.o(i.ADC_InjectedDiscModeCmd), (22 bytes).
    Removing stm32f10x_adc.o(i.ADC_InjectedSequencerLengthConfig), (24 bytes).
    Removing stm32f10x_adc.o(i.ADC_SetInjectedOffset), (20 bytes).
    Removing stm32f10x_adc.o(i.ADC_SoftwareStartInjectedConvCmd), (22 bytes).
    Removing stm32f10x_adc.o(i.ADC_StructInit), (18 bytes).
    Removing stm32f10x_adc.o(i.ADC_TempSensorVrefintCmd), (36 bytes).
    Removing stm32f10x_dac.o(i.DAC_Cmd), (40 bytes).
    Removing stm32f10x_dac.o(i.DAC_DMACmd), (44 bytes).
    Removing stm32f10x_dac.o(i.DAC_DeInit), (22 bytes).
    Removing stm32f10x_dac.o(i.DAC_DualSoftwareTriggerCmd), (36 bytes).
    Removing stm32f10x_dac.o(i.DAC_GetDataOutputValue), (36 bytes).
    Removing stm32f10x_dac.o(i.DAC_Init), (52 bytes).
    Removing stm32f10x_dac.o(i.DAC_SetChannel1Data), (32 bytes).
    Removing stm32f10x_dac.o(i.DAC_SetChannel2Data), (32 bytes).
    Removing stm32f10x_dac.o(i.DAC_SetDualChannelData), (36 bytes).
    Removing stm32f10x_dac.o(i.DAC_SoftwareTriggerCmd), (44 bytes).
    Removing stm32f10x_dac.o(i.DAC_StructInit), (12 bytes).
    Removing stm32f10x_dac.o(i.DAC_WaveGenerationCmd), (40 bytes).
    Removing stm32f10x_dma.o(i.DMA_ClearFlag), (28 bytes).
    Removing stm32f10x_dma.o(i.DMA_ClearITPendingBit), (28 bytes).
    Removing stm32f10x_dma.o(i.DMA_GetCurrDataCounter), (8 bytes).
    Removing stm32f10x_dma.o(i.DMA_GetFlagStatus), (44 bytes).
    Removing stm32f10x_dma.o(i.DMA_GetITStatus), (44 bytes).
    Removing stm32f10x_dma.o(i.DMA_ITConfig), (18 bytes).
    Removing stm32f10x_dma.o(i.DMA_SetCurrDataCounter), (4 bytes).
    Removing stm32f10x_dma.o(i.DMA_StructInit), (26 bytes).
    Removing stm32f10x_rtc.o(i.RTC_ClearFlag), (16 bytes).
    Removing stm32f10x_rtc.o(i.RTC_ClearITPendingBit), (16 bytes).
    Removing stm32f10x_rtc.o(i.RTC_EnterConfigMode), (20 bytes).
    Removing stm32f10x_rtc.o(i.RTC_ExitConfigMode), (20 bytes).
    Removing stm32f10x_rtc.o(i.RTC_GetCounter), (20 bytes).
    Removing stm32f10x_rtc.o(i.RTC_GetDivider), (24 bytes).
    Removing stm32f10x_rtc.o(i.RTC_GetFlagStatus), (24 bytes).
    Removing stm32f10x_rtc.o(i.RTC_GetITStatus), (36 bytes).
    Removing stm32f10x_rtc.o(i.RTC_ITConfig), (32 bytes).
    Removing stm32f10x_rtc.o(i.RTC_SetAlarm), (28 bytes).
    Removing stm32f10x_rtc.o(i.RTC_SetCounter), (28 bytes).
    Removing stm32f10x_rtc.o(i.RTC_SetPrescaler), (32 bytes).
    Removing stm32f10x_rtc.o(i.RTC_WaitForLastTask), (20 bytes).
    Removing stm32f10x_rtc.o(i.RTC_WaitForSynchro), (36 bytes).
    Removing stm32f10x_can.o(i.CAN_CancelTransmit), (48 bytes).
    Removing stm32f10x_can.o(i.CAN_ClearFlag), (56 bytes).
    Removing stm32f10x_can.o(i.CAN_ClearITPendingBit), (168 bytes).
    Removing stm32f10x_can.o(i.CAN_DBGFreeze), (22 bytes).
    Removing stm32f10x_can.o(i.CAN_DeInit), (56 bytes).
    Removing stm32f10x_can.o(i.CAN_FIFORelease), (22 bytes).
    Removing stm32f10x_can.o(i.CAN_FilterInit), (264 bytes).
    Removing stm32f10x_can.o(i.CAN_GetFlagStatus), (120 bytes).
    Removing stm32f10x_can.o(i.CAN_GetITStatus), (288 bytes).
    Removing stm32f10x_can.o(i.CAN_GetLSBTransmitErrorCounter), (12 bytes).
    Removing stm32f10x_can.o(i.CAN_GetLastErrorCode), (12 bytes).
    Removing stm32f10x_can.o(i.CAN_GetReceiveErrorCounter), (10 bytes).
    Removing stm32f10x_can.o(i.CAN_ITConfig), (18 bytes).
    Removing stm32f10x_can.o(i.CAN_Init), (276 bytes).
    Removing stm32f10x_can.o(i.CAN_MessagePending), (30 bytes).
    Removing stm32f10x_can.o(i.CAN_OperatingModeRequest), (162 bytes).
    Removing stm32f10x_can.o(i.CAN_Receive), (240 bytes).
    Removing stm32f10x_can.o(i.CAN_SlaveStartBank), (52 bytes).
    Removing stm32f10x_can.o(i.CAN_Sleep), (30 bytes).
    Removing stm32f10x_can.o(i.CAN_StructInit), (32 bytes).
    Removing stm32f10x_can.o(i.CAN_TTComModeCmd), (118 bytes).
    Removing stm32f10x_can.o(i.CAN_Transmit), (294 bytes).
    Removing stm32f10x_can.o(i.CAN_TransmitStatus), (160 bytes).
    Removing stm32f10x_can.o(i.CAN_WakeUp), (48 bytes).
    Removing stm32f10x_can.o(i.CheckITStatus), (18 bytes).
    Removing stm32f10x_fsmc.o(i.FSMC_ClearFlag), (64 bytes).
    Removing stm32f10x_fsmc.o(i.FSMC_ClearITPendingBit), (72 bytes).
    Removing stm32f10x_fsmc.o(i.FSMC_GetECC), (28 bytes).
    Removing stm32f10x_fsmc.o(i.FSMC_GetFlagStatus), (56 bytes).
    Removing stm32f10x_fsmc.o(i.FSMC_GetITStatus), (68 bytes).
    Removing stm32f10x_fsmc.o(i.FSMC_ITConfig), (128 bytes).
    Removing stm32f10x_fsmc.o(i.FSMC_NANDCmd), (92 bytes).
    Removing stm32f10x_fsmc.o(i.FSMC_NANDDeInit), (68 bytes).
    Removing stm32f10x_fsmc.o(i.FSMC_NANDECCCmd), (92 bytes).
    Removing stm32f10x_fsmc.o(i.FSMC_NANDInit), (136 bytes).
    Removing stm32f10x_fsmc.o(i.FSMC_NANDStructInit), (54 bytes).
    Removing stm32f10x_fsmc.o(i.FSMC_NORSRAMDeInit), (54 bytes).
    Removing stm32f10x_fsmc.o(i.FSMC_NORSRAMStructInit), (114 bytes).
    Removing stm32f10x_fsmc.o(i.FSMC_PCCARDCmd), (48 bytes).
    Removing stm32f10x_fsmc.o(i.FSMC_PCCARDDeInit), (40 bytes).
    Removing stm32f10x_fsmc.o(i.FSMC_PCCARDInit), (132 bytes).
    Removing stm32f10x_fsmc.o(i.FSMC_PCCARDStructInit), (60 bytes).
    Removing system_stm32f10x.o(i.SystemCoreClockUpdate), (164 bytes).
    Removing system_stm32f10x.o(.data), (20 bytes).
    Removing core_cm3.o(.emb_text), (32 bytes).
    Removing led.o(i.Work_signal_lamp), (48 bytes).
    Removing led.o(i.set_GPIO_PA11_high), (20 bytes).
    Removing led.o(i.set_GPIO_PA11_low), (20 bytes).
    Removing tftlcd.o(i.LCD_Color_Fill), (90 bytes).
    Removing tftlcd.o(i.LCD_DrawLine), (176 bytes).
    Removing tftlcd.o(i.LCD_DrawLine_Color), (172 bytes).
    Removing tftlcd.o(i.LCD_DrawPoint), (32 bytes).
    Removing tftlcd.o(i.LCD_DrawRectangle), (60 bytes).
    Removing tftlcd.o(i.LCD_Draw_Circle), (152 bytes).
    Removing tftlcd.o(i.LCD_DrowSign), (132 bytes).
    Removing tftlcd.o(i.LCD_Fill), (92 bytes).
    Removing tftlcd.o(i.LCD_Pow), (22 bytes).
    Removing tftlcd.o(i.LCD_RGBColor_Change), (28 bytes).
    Removing tftlcd.o(i.LCD_ReadData), (24 bytes).
    Removing tftlcd.o(i.LCD_ReadPoint), (92 bytes).
    Removing tftlcd.o(i.LCD_SSD_BackLightSet), (84 bytes).
    Removing tftlcd.o(i.LCD_ShowFontHZ), (232 bytes).
    Removing tftlcd.o(i.LCD_ShowNum), (148 bytes).
    Removing tftlcd.o(i.LCD_ShowxNum), (190 bytes).
    Removing beep.o(i.BEEP_Init), (56 bytes).
    Removing water.o(i.Get_ADCValue_MQ2), (44 bytes).
    Removing water.o(i.MQ2_GetPPM), (268 bytes).
    Removing water.o(i.MQ2_PPM_Calibration), (68 bytes).
    Removing water.o(i.Water_GPIO_Config), (44 bytes).
    Removing water.o(i.Water_state), (24 bytes).
    Removing water.o(i.Water_state_printf), (72 bytes).
    Removing water.o(i.test), (100 bytes).
    Removing water.o(.data), (6 bytes).
    Removing waterflow.o(i.GPIO_Water_Config), (220 bytes).
    Removing waterflow.o(i.GPIO_Water_Config_check), (44 bytes).
    Removing waterflow.o(i.check_PA3), (48 bytes).
    Removing spi2.o(i.SPI2_Init), (128 bytes).
    Removing spi2.o(i.SPI2_ReadWriteByte), (88 bytes).
    Removing spi2.o(i.SPI2_SpeedSet), (44 bytes).
    Removing spi2.o(i.SPIWriteByte), (52 bytes).
    Removing systick.o(i.delay_us), (76 bytes).
    Removing usart.o(i.DEBUG_LOG), (108 bytes).
    Removing usart.o(i.Usart_SendString), (50 bytes).
    Removing delay.o(i.DelayMs), (60 bytes).
    Removing delay.o(i.DelayUs), (64 bytes).
    Removing delay.o(i.DelayXms), (72 bytes).
    Removing delay.o(i.Delay_Init), (56 bytes).
    Removing delay.o(.data), (4 bytes).
    Removing fflti.o(.text), (18 bytes).
    Removing dfltui.o(.text), (26 bytes).
    Removing dfixi.o(.text), (62 bytes).
    Removing dfixui.o(.text), (50 bytes).
    Removing d2f.o(.text), (56 bytes).
    Removing dscalb.o(.text), (46 bytes).
    Removing dflti.o(.text), (34 bytes).
    Removing dsqrt.o(.text), (162 bytes).
    Removing cdcmple.o(.text), (48 bytes).

351 unused section(s) (total 16830 bytes) removed from the image.

==============================================================================

Image Symbol Table

    Local Symbols

    Symbol Name                              Value     Ov Type        Size  Object(Section)

    ../clib/microlib/division.c              0x00000000   Number         0  uidiv.o ABSOLUTE
    ../clib/microlib/division.c              0x00000000   Number         0  uldiv.o ABSOLUTE
    ../clib/microlib/errno.c                 0x00000000   Number         0  errno.o ABSOLUTE
    ../clib/microlib/init/entry.s            0x00000000   Number         0  entry8b.o ABSOLUTE
    ../clib/microlib/init/entry.s            0x00000000   Number         0  entry.o ABSOLUTE
    ../clib/microlib/init/entry.s            0x00000000   Number         0  entry11b.o ABSOLUTE
    ../clib/microlib/init/entry.s            0x00000000   Number         0  entry8a.o ABSOLUTE
    ../clib/microlib/init/entry.s            0x00000000   Number         0  entry7b.o ABSOLUTE
    ../clib/microlib/init/entry.s            0x00000000   Number         0  entry7a.o ABSOLUTE
    ../clib/microlib/init/entry.s            0x00000000   Number         0  entry5.o ABSOLUTE
    ../clib/microlib/init/entry.s            0x00000000   Number         0  entry2.o ABSOLUTE
    ../clib/microlib/init/entry.s            0x00000000   Number         0  entry9a.o ABSOLUTE
    ../clib/microlib/init/entry.s            0x00000000   Number         0  entry11a.o ABSOLUTE
    ../clib/microlib/init/entry.s            0x00000000   Number         0  entry10b.o ABSOLUTE
    ../clib/microlib/init/entry.s            0x00000000   Number         0  entry10a.o ABSOLUTE
    ../clib/microlib/init/entry.s            0x00000000   Number         0  entry9b.o ABSOLUTE
    ../clib/microlib/longlong.c              0x00000000   Number         0  llushr.o ABSOLUTE
    ../clib/microlib/longlong.c              0x00000000   Number         0  llsshr.o ABSOLUTE
    ../clib/microlib/longlong.c              0x00000000   Number         0  llshl.o ABSOLUTE
    ../clib/microlib/printf/printf.c         0x00000000   Number         0  printf1.o ABSOLUTE
    ../clib/microlib/printf/printf.c         0x00000000   Number         0  printfb.o ABSOLUTE
    ../clib/microlib/printf/printf.c         0x00000000   Number         0  printfa.o ABSOLUTE
    ../clib/microlib/printf/printf.c         0x00000000   Number         0  printf8.o ABSOLUTE
    ../clib/microlib/printf/printf.c         0x00000000   Number         0  printf7.o ABSOLUTE
    ../clib/microlib/printf/printf.c         0x00000000   Number         0  printf6.o ABSOLUTE
    ../clib/microlib/printf/printf.c         0x00000000   Number         0  printf0.o ABSOLUTE
    ../clib/microlib/printf/printf.c         0x00000000   Number         0  printf5.o ABSOLUTE
    ../clib/microlib/printf/printf.c         0x00000000   Number         0  printf4.o ABSOLUTE
    ../clib/microlib/printf/printf.c         0x00000000   Number         0  printf3.o ABSOLUTE
    ../clib/microlib/printf/printf.c         0x00000000   Number         0  printf2.o ABSOLUTE
    ../clib/microlib/printf/stubs.s          0x00000000   Number         0  stubs.o ABSOLUTE
    ../clib/microlib/stdio/streams.c         0x00000000   Number         0  stdout.o ABSOLUTE
    ../clib/microlib/stubs.s                 0x00000000   Number         0  iusefp.o ABSOLUTE
    ../fplib/microlib/d2f.c                  0x00000000   Number         0  d2f.o ABSOLUTE
    ../fplib/microlib/f2d.c                  0x00000000   Number         0  f2d.o ABSOLUTE
    ../fplib/microlib/fpadd.c                0x00000000   Number         0  dadd.o ABSOLUTE
    ../fplib/microlib/fpadd.c                0x00000000   Number         0  fadd.o ABSOLUTE
    ../fplib/microlib/fpdiv.c                0x00000000   Number         0  ddiv.o ABSOLUTE
    ../fplib/microlib/fpdiv.c                0x00000000   Number         0  fdiv.o ABSOLUTE
    ../fplib/microlib/fpepilogue.c           0x00000000   Number         0  depilogue.o ABSOLUTE
    ../fplib/microlib/fpepilogue.c           0x00000000   Number         0  fepilogue.o ABSOLUTE
    ../fplib/microlib/fpfix.c                0x00000000   Number         0  dfixui.o ABSOLUTE
    ../fplib/microlib/fpfix.c                0x00000000   Number         0  ffixui.o ABSOLUTE
    ../fplib/microlib/fpfix.c                0x00000000   Number         0  dfixi.o ABSOLUTE
    ../fplib/microlib/fpfix.c                0x00000000   Number         0  dfixul.o ABSOLUTE
    ../fplib/microlib/fpflt.c                0x00000000   Number         0  dfltui.o ABSOLUTE
    ../fplib/microlib/fpflt.c                0x00000000   Number         0  ffltui.o ABSOLUTE
    ../fplib/microlib/fpflt.c                0x00000000   Number         0  fflti.o ABSOLUTE
    ../fplib/microlib/fpflt.c                0x00000000   Number         0  dflti.o ABSOLUTE
    ../fplib/microlib/fpmul.c                0x00000000   Number         0  dmul.o ABSOLUTE
    ../fplib/microlib/fpmul.c                0x00000000   Number         0  fmul.o ABSOLUTE
    ../fplib/microlib/fpscalb.c              0x00000000   Number         0  dscalb.o ABSOLUTE
    ../fplib/microlib/fpsqrt.c               0x00000000   Number         0  dsqrt.o ABSOLUTE
    ../mathlib/dunder.c                      0x00000000   Number         0  dunder.o ABSOLUTE
    ../mathlib/fpclassify.c                  0x00000000   Number         0  fpclassify.o ABSOLUTE
    ../mathlib/poly.c                        0x00000000   Number         0  poly.o ABSOLUTE
    ../mathlib/pow.c                         0x00000000   Number         0  pow_x.o ABSOLUTE
    ../mathlib/pow.c                         0x00000000   Number         0  pow.o ABSOLUTE
    ../mathlib/qnan.c                        0x00000000   Number         0  qnan.o ABSOLUTE
    ../mathlib/sqrt.c                        0x00000000   Number         0  sqrt_x.o ABSOLUTE
    ../mathlib/sqrt.c                        0x00000000   Number         0  sqrt.o ABSOLUTE
    APP\SPI2\SPI2.c                          0x00000000   Number         0  spi2.o ABSOLUTE
    APP\adc\adc.c                            0x00000000   Number         0  adc.o ABSOLUTE
    APP\beep\beep.c                          0x00000000   Number         0  beep.o ABSOLUTE
    APP\key\key.c                            0x00000000   Number         0  key.o ABSOLUTE
    APP\lcdshowinit\lcdshowinit.c            0x00000000   Number         0  lcdshowinit.o ABSOLUTE
    APP\led\led.c                            0x00000000   Number         0  led.o ABSOLUTE
    APP\tftlcd\tftlcd.c                      0x00000000   Number         0  tftlcd.o ABSOLUTE
    APP\water\water.c                        0x00000000   Number         0  water.o ABSOLUTE
    APP\waterflow\waterflow.c                0x00000000   Number         0  waterflow.o ABSOLUTE
    APP\waterpump\waterpump.c                0x00000000   Number         0  waterpump.o ABSOLUTE
    Libraries\CMSIS\core_cm3.c               0x00000000   Number         0  core_cm3.o ABSOLUTE
    Libraries\CMSIS\startup_stm32f10x_hd.s   0x00000000   Number         0  startup_stm32f10x_hd.o ABSOLUTE
    Libraries\CMSIS\system_stm32f10x.c       0x00000000   Number         0  system_stm32f10x.o ABSOLUTE
    Libraries\STM32F10x_StdPeriph_Driver\src\misc.c 0x00000000   Number         0  misc.o ABSOLUTE
    Libraries\STM32F10x_StdPeriph_Driver\src\stm32f10x_adc.c 0x00000000   Number         0  stm32f10x_adc.o ABSOLUTE
    Libraries\STM32F10x_StdPeriph_Driver\src\stm32f10x_bkp.c 0x00000000   Number         0  stm32f10x_bkp.o ABSOLUTE
    Libraries\STM32F10x_StdPeriph_Driver\src\stm32f10x_can.c 0x00000000   Number         0  stm32f10x_can.o ABSOLUTE
    Libraries\STM32F10x_StdPeriph_Driver\src\stm32f10x_dac.c 0x00000000   Number         0  stm32f10x_dac.o ABSOLUTE
    Libraries\STM32F10x_StdPeriph_Driver\src\stm32f10x_dma.c 0x00000000   Number         0  stm32f10x_dma.o ABSOLUTE
    Libraries\STM32F10x_StdPeriph_Driver\src\stm32f10x_exti.c 0x00000000   Number         0  stm32f10x_exti.o ABSOLUTE
    Libraries\STM32F10x_StdPeriph_Driver\src\stm32f10x_fsmc.c 0x00000000   Number         0  stm32f10x_fsmc.o ABSOLUTE
    Libraries\STM32F10x_StdPeriph_Driver\src\stm32f10x_gpio.c 0x00000000   Number         0  stm32f10x_gpio.o ABSOLUTE
    Libraries\STM32F10x_StdPeriph_Driver\src\stm32f10x_iwdg.c 0x00000000   Number         0  stm32f10x_iwdg.o ABSOLUTE
    Libraries\STM32F10x_StdPeriph_Driver\src\stm32f10x_pwr.c 0x00000000   Number         0  stm32f10x_pwr.o ABSOLUTE
    Libraries\STM32F10x_StdPeriph_Driver\src\stm32f10x_rcc.c 0x00000000   Number         0  stm32f10x_rcc.o ABSOLUTE
    Libraries\STM32F10x_StdPeriph_Driver\src\stm32f10x_rtc.c 0x00000000   Number         0  stm32f10x_rtc.o ABSOLUTE
    Libraries\STM32F10x_StdPeriph_Driver\src\stm32f10x_tim.c 0x00000000   Number         0  stm32f10x_tim.o ABSOLUTE
    Libraries\STM32F10x_StdPeriph_Driver\src\stm32f10x_usart.c 0x00000000   Number         0  stm32f10x_usart.o ABSOLUTE
    Libraries\STM32F10x_StdPeriph_Driver\src\stm32f10x_wwdg.c 0x00000000   Number         0  stm32f10x_wwdg.o ABSOLUTE
    Libraries\\CMSIS\\core_cm3.c             0x00000000   Number         0  core_cm3.o ABSOLUTE
    Public\SysTick.c                         0x00000000   Number         0  systick.o ABSOLUTE
    Public\system.c                          0x00000000   Number         0  system.o ABSOLUTE
    Public\usart.c                           0x00000000   Number         0  usart.o ABSOLUTE
    User\main.c                              0x00000000   Number         0  main.o ABSOLUTE
    User\stm32f10x_it.c                      0x00000000   Number         0  stm32f10x_it.o ABSOLUTE
    cdcmple.s                                0x00000000   Number         0  cdcmple.o ABSOLUTE
    cdrcmple.s                               0x00000000   Number         0  cdrcmple.o ABSOLUTE
    cfcmple.s                                0x00000000   Number         0  cfcmple.o ABSOLUTE
    dc.s                                     0x00000000   Number         0  dc.o ABSOLUTE
    handlers.s                               0x00000000   Number         0  handlers.o ABSOLUTE
    hardware\src\delay.c                     0x00000000   Number         0  delay.o ABSOLUTE
    init.s                                   0x00000000   Number         0  init.o ABSOLUTE
    RESET                                    0x08000000   Section      304  startup_stm32f10x_hd.o(RESET)
    .ARM.Collect$$$$00000000                 0x08000130   Section        0  entry.o(.ARM.Collect$$$$00000000)
    .ARM.Collect$$$$00000001                 0x08000130   Section        4  entry2.o(.ARM.Collect$$$$00000001)
    .ARM.Collect$$$$00000004                 0x08000134   Section        4  entry5.o(.ARM.Collect$$$$00000004)
    .ARM.Collect$$$$00000008                 0x08000138   Section        0  entry7b.o(.ARM.Collect$$$$00000008)
    .ARM.Collect$$$$0000000A                 0x08000138   Section        0  entry8b.o(.ARM.Collect$$$$0000000A)
    .ARM.Collect$$$$0000000B                 0x08000138   Section        8  entry9a.o(.ARM.Collect$$$$0000000B)
    .ARM.Collect$$$$0000000D                 0x08000140   Section        0  entry10a.o(.ARM.Collect$$$$0000000D)
    .ARM.Collect$$$$0000000F                 0x08000140   Section        0  entry11a.o(.ARM.Collect$$$$0000000F)
    .ARM.Collect$$$$00002712                 0x08000140   Section        4  entry2.o(.ARM.Collect$$$$00002712)
    __lit__00000000                          0x08000140   Data           4  entry2.o(.ARM.Collect$$$$00002712)
    .text                                    0x08000144   Section       36  startup_stm32f10x_hd.o(.text)
    .text                                    0x08000168   Section        0  fadd.o(.text)
    .text                                    0x08000218   Section        0  fmul.o(.text)
    .text                                    0x0800027c   Section        0  fdiv.o(.text)
    .text                                    0x080002f8   Section        0  dadd.o(.text)
    .text                                    0x08000446   Section        0  dmul.o(.text)
    .text                                    0x0800052a   Section        0  ddiv.o(.text)
    .text                                    0x08000608   Section        0  ffltui.o(.text)
    .text                                    0x08000612   Section        0  ffixui.o(.text)
    .text                                    0x0800063a   Section        0  f2d.o(.text)
    .text                                    0x08000660   Section       20  cfcmple.o(.text)
    .text                                    0x08000674   Section        0  uidiv.o(.text)
    .text                                    0x080006a0   Section        0  uldiv.o(.text)
    .text                                    0x08000702   Section        0  llshl.o(.text)
    .text                                    0x08000720   Section        0  llushr.o(.text)
    .text                                    0x08000740   Section        0  llsshr.o(.text)
    .text                                    0x08000764   Section        0  fepilogue.o(.text)
    .text                                    0x08000764   Section        0  iusefp.o(.text)
    .text                                    0x080007d2   Section        0  depilogue.o(.text)
    .text                                    0x0800088c   Section        0  dfixul.o(.text)
    .text                                    0x080008bc   Section       48  cdrcmple.o(.text)
    .text                                    0x080008ec   Section       36  init.o(.text)
    i.ADC_Cmd                                0x08000910   Section        0  stm32f10x_adc.o(i.ADC_Cmd)
    i.ADC_DMACmd                             0x08000926   Section        0  stm32f10x_adc.o(i.ADC_DMACmd)
    i.ADC_DeInit                             0x0800093c   Section        0  stm32f10x_adc.o(i.ADC_DeInit)
    i.ADC_GetCalibrationStatus               0x08000998   Section        0  stm32f10x_adc.o(i.ADC_GetCalibrationStatus)
    i.ADC_GetResetCalibrationStatus          0x080009ac   Section        0  stm32f10x_adc.o(i.ADC_GetResetCalibrationStatus)
    i.ADC_Init                               0x080009c0   Section        0  stm32f10x_adc.o(i.ADC_Init)
    i.ADC_RegularChannelConfig               0x08000a10   Section        0  stm32f10x_adc.o(i.ADC_RegularChannelConfig)
    i.ADC_ResetCalibration                   0x08000ac8   Section        0  stm32f10x_adc.o(i.ADC_ResetCalibration)
    i.ADC_SoftwareStartConvCmd               0x08000ad2   Section        0  stm32f10x_adc.o(i.ADC_SoftwareStartConvCmd)
    i.ADC_StartCalibration                   0x08000ae8   Section        0  stm32f10x_adc.o(i.ADC_StartCalibration)
    i.Adc_Init                               0x08000af4   Section        0  adc.o(i.Adc_Init)
    i.BusFault_Handler                       0x08000bb0   Section        0  stm32f10x_it.o(i.BusFault_Handler)
    i.DMA_Cmd                                0x08000bb4   Section        0  stm32f10x_dma.o(i.DMA_Cmd)
    i.DMA_DeInit                             0x08000bcc   Section        0  stm32f10x_dma.o(i.DMA_DeInit)
    i.DMA_Init                               0x08000d18   Section        0  stm32f10x_dma.o(i.DMA_Init)
    i.DebugMon_Handler                       0x08000d54   Section        0  stm32f10x_it.o(i.DebugMon_Handler)
    i.FSMC_NORSRAMCmd                        0x08000d58   Section        0  stm32f10x_fsmc.o(i.FSMC_NORSRAMCmd)
    i.FSMC_NORSRAMInit                       0x08000d8c   Section        0  stm32f10x_fsmc.o(i.FSMC_NORSRAMInit)
    i.GPIO_Init                              0x08000e72   Section        0  stm32f10x_gpio.o(i.GPIO_Init)
    i.GPIO_PinRemapConfig                    0x08000f88   Section        0  stm32f10x_gpio.o(i.GPIO_PinRemapConfig)
    i.GPIO_ReadInputDataBit                  0x08001018   Section        0  stm32f10x_gpio.o(i.GPIO_ReadInputDataBit)
    i.GPIO_ResetBits                         0x0800102a   Section        0  stm32f10x_gpio.o(i.GPIO_ResetBits)
    i.GPIO_SetBits                           0x0800102e   Section        0  stm32f10x_gpio.o(i.GPIO_SetBits)
    i.Get_ADCValue_Water                     0x08001034   Section        0  water.o(i.Get_ADCValue_Water)
    i.Get_LiquidHeight                       0x08001060   Section        0  water.o(i.Get_LiquidHeight)
    i.HardFault_Handler                      0x080010e0   Section        0  stm32f10x_it.o(i.HardFault_Handler)
    i.KEY_Init                               0x080010e4   Section        0  key.o(i.KEY_Init)
    i.KEY_Scan                               0x08001120   Section        0  key.o(i.KEY_Scan)
    i.LCD_Clear                              0x080011c0   Section        0  tftlcd.o(i.LCD_Clear)
    i.LCD_Display_Dir                        0x08001208   Section        0  tftlcd.o(i.LCD_Display_Dir)
    i.LCD_DrawFRONT_COLOR                    0x08001260   Section        0  tftlcd.o(i.LCD_DrawFRONT_COLOR)
    i.LCD_Set_Window                         0x0800127c   Section        0  tftlcd.o(i.LCD_Set_Window)
    i.LCD_ShowChar                           0x08001324   Section        0  tftlcd.o(i.LCD_ShowChar)
    i.LCD_ShowPicture                        0x0800144c   Section        0  tftlcd.o(i.LCD_ShowPicture)
    i.LCD_ShowString                         0x080014d6   Section        0  tftlcd.o(i.LCD_ShowString)
    i.LCD_WriteCmd                           0x0800153c   Section        0  tftlcd.o(i.LCD_WriteCmd)
    i.LCD_WriteCmdData                       0x08001548   Section        0  tftlcd.o(i.LCD_WriteCmdData)
    i.LCD_WriteData                          0x0800155c   Section        0  tftlcd.o(i.LCD_WriteData)
    i.LCD_WriteData_Color                    0x08001568   Section        0  tftlcd.o(i.LCD_WriteData_Color)
    i.LED_Init                               0x08001578   Section        0  led.o(i.LED_Init)
    i.MYDMA_Config                           0x080015c8   Section        0  adc.o(i.MYDMA_Config)
    i.MemManage_Handler                      0x08001628   Section        0  stm32f10x_it.o(i.MemManage_Handler)
    i.NMI_Handler                            0x0800162c   Section        0  stm32f10x_it.o(i.NMI_Handler)
    i.NVIC_Init                              0x08001630   Section        0  misc.o(i.NVIC_Init)
    i.NVIC_PriorityGroupConfig               0x080016a0   Section        0  misc.o(i.NVIC_PriorityGroupConfig)
    i.New_Lcd_Show_Init                      0x080016b4   Section        0  lcdshowinit.o(i.New_Lcd_Show_Init)
    i.PendSV_Handler                         0x080017ec   Section        0  stm32f10x_it.o(i.PendSV_Handler)
    i.RCC_ADCCLKConfig                       0x080017f0   Section        0  stm32f10x_rcc.o(i.RCC_ADCCLKConfig)
    i.RCC_AHBPeriphClockCmd                  0x08001808   Section        0  stm32f10x_rcc.o(i.RCC_AHBPeriphClockCmd)
    i.RCC_APB1PeriphClockCmd                 0x08001828   Section        0  stm32f10x_rcc.o(i.RCC_APB1PeriphClockCmd)
    i.RCC_APB2PeriphClockCmd                 0x08001848   Section        0  stm32f10x_rcc.o(i.RCC_APB2PeriphClockCmd)
    i.RCC_APB2PeriphResetCmd                 0x08001868   Section        0  stm32f10x_rcc.o(i.RCC_APB2PeriphResetCmd)
    i.RCC_GetClocksFreq                      0x08001888   Section        0  stm32f10x_rcc.o(i.RCC_GetClocksFreq)
    i.SVC_Handler                            0x0800195c   Section        0  stm32f10x_it.o(i.SVC_Handler)
    i.SetSysClock                            0x0800195e   Section        0  system_stm32f10x.o(i.SetSysClock)
    SetSysClock                              0x0800195f   Thumb Code     8  system_stm32f10x.o(i.SetSysClock)
    i.SetSysClockTo72                        0x08001968   Section        0  system_stm32f10x.o(i.SetSysClockTo72)
    SetSysClockTo72                          0x08001969   Thumb Code   214  system_stm32f10x.o(i.SetSysClockTo72)
    i.SysTick_CLKSourceConfig                0x08001a48   Section        0  misc.o(i.SysTick_CLKSourceConfig)
    i.SysTick_Handler                        0x08001a70   Section        0  stm32f10x_it.o(i.SysTick_Handler)
    i.SysTick_Init                           0x08001a74   Section        0  systick.o(i.SysTick_Init)
    i.SystemInit                             0x08001ab0   Section        0  system_stm32f10x.o(i.SystemInit)
    i.TFTLCD_FSMC_Init                       0x08001b10   Section        0  tftlcd.o(i.TFTLCD_FSMC_Init)
    i.TFTLCD_GPIO_Init                       0x08001b90   Section        0  tftlcd.o(i.TFTLCD_GPIO_Init)
    i.TFTLCD_Init                            0x08001c28   Section        0  tftlcd.o(i.TFTLCD_Init)
    i.TIM2_IRQHandler                        0x08001e38   Section        0  waterflow.o(i.TIM2_IRQHandler)
    i.TIM_ClearITPendingBit                  0x08001edc   Section        0  stm32f10x_tim.o(i.TIM_ClearITPendingBit)
    i.TIM_GetCapture1                        0x08001ee2   Section        0  stm32f10x_tim.o(i.TIM_GetCapture1)
    i.TIM_GetITStatus                        0x08001ee8   Section        0  stm32f10x_tim.o(i.TIM_GetITStatus)
    i.USART1_IRQHandler                      0x08001f0c   Section        0  usart.o(i.USART1_IRQHandler)
    i.USART1_Init                            0x08001f94   Section        0  usart.o(i.USART1_Init)
    i.USART_ClearFlag                        0x08002044   Section        0  stm32f10x_usart.o(i.USART_ClearFlag)
    i.USART_Cmd                              0x08002056   Section        0  stm32f10x_usart.o(i.USART_Cmd)
    i.USART_GetFlagStatus                    0x0800206e   Section        0  stm32f10x_usart.o(i.USART_GetFlagStatus)
    i.USART_GetITStatus                      0x08002088   Section        0  stm32f10x_usart.o(i.USART_GetITStatus)
    i.USART_ITConfig                         0x080020dc   Section        0  stm32f10x_usart.o(i.USART_ITConfig)
    i.USART_Init                             0x08002128   Section        0  stm32f10x_usart.o(i.USART_Init)
    i.USART_ReceiveData                      0x08002200   Section        0  stm32f10x_usart.o(i.USART_ReceiveData)
    i.USART_SendData                         0x0800220a   Section        0  stm32f10x_usart.o(i.USART_SendData)
    i.UsageFault_Handler                     0x08002212   Section        0  stm32f10x_it.o(i.UsageFault_Handler)
    i.Usart2_Init                            0x08002218   Section        0  usart.o(i.Usart2_Init)
    i.UsartPrintf                            0x0800231c   Section        0  usart.o(i.UsartPrintf)
    i.__0printf                              0x08002364   Section        0  printfa.o(i.__0printf)
    i.__0sprintf                             0x08002384   Section        0  printfa.o(i.__0sprintf)
    i.__0vsnprintf                           0x080023ac   Section        0  printfa.o(i.__0vsnprintf)
    i.__scatterload_copy                     0x080023d8   Section       14  handlers.o(i.__scatterload_copy)
    i.__scatterload_null                     0x080023e6   Section        2  handlers.o(i.__scatterload_null)
    i.__scatterload_zeroinit                 0x080023e8   Section       14  handlers.o(i.__scatterload_zeroinit)
    i._fp_digits                             0x080023f8   Section        0  printfa.o(i._fp_digits)
    _fp_digits                               0x080023f9   Thumb Code   366  printfa.o(i._fp_digits)
    i._printf_core                           0x0800257c   Section        0  printfa.o(i._printf_core)
    _printf_core                             0x0800257d   Thumb Code  1744  printfa.o(i._printf_core)
    i._printf_post_padding                   0x08002c58   Section        0  printfa.o(i._printf_post_padding)
    _printf_post_padding                     0x08002c59   Thumb Code    36  printfa.o(i._printf_post_padding)
    i._printf_pre_padding                    0x08002c7c   Section        0  printfa.o(i._printf_pre_padding)
    _printf_pre_padding                      0x08002c7d   Thumb Code    46  printfa.o(i._printf_pre_padding)
    i._snputc                                0x08002caa   Section        0  printfa.o(i._snputc)
    _snputc                                  0x08002cab   Thumb Code    22  printfa.o(i._snputc)
    i._sputc                                 0x08002cc0   Section        0  printfa.o(i._sputc)
    _sputc                                   0x08002cc1   Thumb Code    10  printfa.o(i._sputc)
    i.button_count                           0x08002cca   Section        0  lcdshowinit.o(i.button_count)
    i.delay_ms                               0x08002cdc   Section        0  systick.o(i.delay_ms)
    i.fputc                                  0x08002d28   Section        0  usart.o(i.fputc)
    i.init_GPIO_PA11                         0x08002d4c   Section        0  led.o(i.init_GPIO_PA11)
    i.main                                   0x08002d7c   Section        0  main.o(i.main)
    i.pump_init                              0x08002f60   Section        0  waterpump.o(i.pump_init)
    i.pump_start_1                           0x08002fa0   Section        0  waterpump.o(i.pump_start_1)
    i.pump_start_2                           0x08002fb4   Section        0  waterpump.o(i.pump_start_2)
    i.pump_stop_1                            0x08002fc8   Section        0  waterpump.o(i.pump_stop_1)
    i.pump_stop_2                            0x08002fdc   Section        0  waterpump.o(i.pump_stop_2)
    i.u16_to_string                          0x08002ff0   Section        0  lcdshowinit.o(i.u16_to_string)
    .constdata                               0x08003008   Section    18712  tftlcd.o(.constdata)
    .constdata                               0x08007920   Section    20000  lcdshowinit.o(.constdata)
    .data                                    0x20000000   Section       20  stm32f10x_rcc.o(.data)
    APBAHBPrescTable                         0x20000000   Data          16  stm32f10x_rcc.o(.data)
    ADCPrescTable                            0x20000010   Data           4  stm32f10x_rcc.o(.data)
    .data                                    0x20000014   Section       12  tftlcd.o(.data)
    .data                                    0x20000020   Section        1  key.o(.data)
    key                                      0x20000020   Data           1  key.o(.data)
    .data                                    0x20000022   Section        2  lcdshowinit.o(.data)
    .data                                    0x20000024   Section        4  adc.o(.data)
    .data                                    0x20000028   Section       12  waterflow.o(.data)
    .data                                    0x20000034   Section        4  systick.o(.data)
    fac_us                                   0x20000034   Data           1  systick.o(.data)
    fac_ms                                   0x20000036   Data           2  systick.o(.data)
    .data                                    0x20000038   Section        2  usart.o(.data)
    .data                                    0x2000003c   Section        4  stdout.o(.data)
    .bss                                     0x20000040   Section       10  lcdshowinit.o(.bss)
    .bss                                     0x2000004a   Section      200  usart.o(.bss)
    STACK                                    0x20000118   Section     1024  startup_stm32f10x_hd.o(STACK)

    Global Symbols

    Symbol Name                              Value     Ov Type        Size  Object(Section)

    BuildAttributes$$THM_ISAv4$P$D$K$B$S$PE$A:L22UL41UL21$X:L11$S22US41US21$IEEE1$IW$USESV6$~STKCKD$USESV7$~SHL$OTIME$ROPI$IEEEX$EBA8$MICROLIB$REQ8$PRES8$EABIv2 0x00000000   Number         0  anon$$obj.o ABSOLUTE
    __ARM_use_no_argv                        0x00000000   Number         0  main.o ABSOLUTE
    _printf_a                                0x00000000   Number         0  stubs.o ABSOLUTE
    _printf_c                                0x00000000   Number         0  stubs.o ABSOLUTE
    _printf_charcount                        0x00000000   Number         0  stubs.o ABSOLUTE
    _printf_d                                0x00000000   Number         0  stubs.o ABSOLUTE
    _printf_e                                0x00000000   Number         0  stubs.o ABSOLUTE
    _printf_f                                0x00000000   Number         0  stubs.o ABSOLUTE
    _printf_flags                            0x00000000   Number         0  stubs.o ABSOLUTE
    _printf_fp_dec                           0x00000000   Number         0  stubs.o ABSOLUTE
    _printf_fp_hex                           0x00000000   Number         0  stubs.o ABSOLUTE
    _printf_g                                0x00000000   Number         0  stubs.o ABSOLUTE
    _printf_i                                0x00000000   Number         0  stubs.o ABSOLUTE
    _printf_int_dec                          0x00000000   Number         0  stubs.o ABSOLUTE
    _printf_l                                0x00000000   Number         0  stubs.o ABSOLUTE
    _printf_lc                               0x00000000   Number         0  stubs.o ABSOLUTE
    _printf_ll                               0x00000000   Number         0  stubs.o ABSOLUTE
    _printf_lld                              0x00000000   Number         0  stubs.o ABSOLUTE
    _printf_lli                              0x00000000   Number         0  stubs.o ABSOLUTE
    _printf_llo                              0x00000000   Number         0  stubs.o ABSOLUTE
    _printf_llu                              0x00000000   Number         0  stubs.o ABSOLUTE
    _printf_llx                              0x00000000   Number         0  stubs.o ABSOLUTE
    _printf_longlong_dec                     0x00000000   Number         0  stubs.o ABSOLUTE
    _printf_longlong_hex                     0x00000000   Number         0  stubs.o ABSOLUTE
    _printf_longlong_oct                     0x00000000   Number         0  stubs.o ABSOLUTE
    _printf_ls                               0x00000000   Number         0  stubs.o ABSOLUTE
    _printf_mbtowc                           0x00000000   Number         0  stubs.o ABSOLUTE
    _printf_n                                0x00000000   Number         0  stubs.o ABSOLUTE
    _printf_o                                0x00000000   Number         0  stubs.o ABSOLUTE
    _printf_p                                0x00000000   Number         0  stubs.o ABSOLUTE
    _printf_percent                          0x00000000   Number         0  stubs.o ABSOLUTE
    _printf_pre_padding                      0x00000000   Number         0  stubs.o ABSOLUTE
    _printf_return_value                     0x00000000   Number         0  stubs.o ABSOLUTE
    _printf_s                                0x00000000   Number         0  stubs.o ABSOLUTE
    _printf_sizespec                         0x00000000   Number         0  stubs.o ABSOLUTE
    _printf_str                              0x00000000   Number         0  stubs.o ABSOLUTE
    _printf_truncate_signed                  0x00000000   Number         0  stubs.o ABSOLUTE
    _printf_truncate_unsigned                0x00000000   Number         0  stubs.o ABSOLUTE
    _printf_u                                0x00000000   Number         0  stubs.o ABSOLUTE
    _printf_wc                               0x00000000   Number         0  stubs.o ABSOLUTE
    _printf_wctomb                           0x00000000   Number         0  stubs.o ABSOLUTE
    _printf_widthprec                        0x00000000   Number         0  stubs.o ABSOLUTE
    _printf_x                                0x00000000   Number         0  stubs.o ABSOLUTE
    __cpp_initialize__aeabi_                  - Undefined Weak Reference
    __cxa_finalize                            - Undefined Weak Reference
    __decompress                              - Undefined Weak Reference
    _clock_init                               - Undefined Weak Reference
    _microlib_exit                            - Undefined Weak Reference
    __Vectors_Size                           0x00000130   Number         0  startup_stm32f10x_hd.o ABSOLUTE
    __Vectors                                0x08000000   Data           4  startup_stm32f10x_hd.o(RESET)
    __Vectors_End                            0x08000130   Data           0  startup_stm32f10x_hd.o(RESET)
    __main                                   0x08000131   Thumb Code     0  entry.o(.ARM.Collect$$$$00000000)
    _main_stk                                0x08000131   Thumb Code     0  entry2.o(.ARM.Collect$$$$00000001)
    _main_scatterload                        0x08000135   Thumb Code     0  entry5.o(.ARM.Collect$$$$00000004)
    __main_after_scatterload                 0x08000139   Thumb Code     0  entry5.o(.ARM.Collect$$$$00000004)
    _main_clock                              0x08000139   Thumb Code     0  entry7b.o(.ARM.Collect$$$$00000008)
    _main_cpp_init                           0x08000139   Thumb Code     0  entry8b.o(.ARM.Collect$$$$0000000A)
    _main_init                               0x08000139   Thumb Code     0  entry9a.o(.ARM.Collect$$$$0000000B)
    __rt_final_cpp                           0x08000141   Thumb Code     0  entry10a.o(.ARM.Collect$$$$0000000D)
    __rt_final_exit                          0x08000141   Thumb Code     0  entry11a.o(.ARM.Collect$$$$0000000F)
    Reset_Handler                            0x08000145   Thumb Code     8  startup_stm32f10x_hd.o(.text)
    ADC1_2_IRQHandler                        0x0800015f   Thumb Code     0  startup_stm32f10x_hd.o(.text)
    ADC3_IRQHandler                          0x0800015f   Thumb Code     0  startup_stm32f10x_hd.o(.text)
    CAN1_RX1_IRQHandler                      0x0800015f   Thumb Code     0  startup_stm32f10x_hd.o(.text)
    CAN1_SCE_IRQHandler                      0x0800015f   Thumb Code     0  startup_stm32f10x_hd.o(.text)
    DMA1_Channel1_IRQHandler                 0x0800015f   Thumb Code     0  startup_stm32f10x_hd.o(.text)
    DMA1_Channel2_IRQHandler                 0x0800015f   Thumb Code     0  startup_stm32f10x_hd.o(.text)
    DMA1_Channel3_IRQHandler                 0x0800015f   Thumb Code     0  startup_stm32f10x_hd.o(.text)
    DMA1_Channel4_IRQHandler                 0x0800015f   Thumb Code     0  startup_stm32f10x_hd.o(.text)
    DMA1_Channel5_IRQHandler                 0x0800015f   Thumb Code     0  startup_stm32f10x_hd.o(.text)
    DMA1_Channel6_IRQHandler                 0x0800015f   Thumb Code     0  startup_stm32f10x_hd.o(.text)
    DMA1_Channel7_IRQHandler                 0x0800015f   Thumb Code     0  startup_stm32f10x_hd.o(.text)
    DMA2_Channel1_IRQHandler                 0x0800015f   Thumb Code     0  startup_stm32f10x_hd.o(.text)
    DMA2_Channel2_IRQHandler                 0x0800015f   Thumb Code     0  startup_stm32f10x_hd.o(.text)
    DMA2_Channel3_IRQHandler                 0x0800015f   Thumb Code     0  startup_stm32f10x_hd.o(.text)
    DMA2_Channel4_5_IRQHandler               0x0800015f   Thumb Code     0  startup_stm32f10x_hd.o(.text)
    EXTI0_IRQHandler                         0x0800015f   Thumb Code     0  startup_stm32f10x_hd.o(.text)
    EXTI15_10_IRQHandler                     0x0800015f   Thumb Code     0  startup_stm32f10x_hd.o(.text)
    EXTI1_IRQHandler                         0x0800015f   Thumb Code     0  startup_stm32f10x_hd.o(.text)
    EXTI2_IRQHandler                         0x0800015f   Thumb Code     0  startup_stm32f10x_hd.o(.text)
    EXTI3_IRQHandler                         0x0800015f   Thumb Code     0  startup_stm32f10x_hd.o(.text)
    EXTI4_IRQHandler                         0x0800015f   Thumb Code     0  startup_stm32f10x_hd.o(.text)
    EXTI9_5_IRQHandler                       0x0800015f   Thumb Code     0  startup_stm32f10x_hd.o(.text)
    FLASH_IRQHandler                         0x0800015f   Thumb Code     0  startup_stm32f10x_hd.o(.text)
    FSMC_IRQHandler                          0x0800015f   Thumb Code     0  startup_stm32f10x_hd.o(.text)
    I2C1_ER_IRQHandler                       0x0800015f   Thumb Code     0  startup_stm32f10x_hd.o(.text)
    I2C1_EV_IRQHandler                       0x0800015f   Thumb Code     0  startup_stm32f10x_hd.o(.text)
    I2C2_ER_IRQHandler                       0x0800015f   Thumb Code     0  startup_stm32f10x_hd.o(.text)
    I2C2_EV_IRQHandler                       0x0800015f   Thumb Code     0  startup_stm32f10x_hd.o(.text)
    PVD_IRQHandler                           0x0800015f   Thumb Code     0  startup_stm32f10x_hd.o(.text)
    RCC_IRQHandler                           0x0800015f   Thumb Code     0  startup_stm32f10x_hd.o(.text)
    RTCAlarm_IRQHandler                      0x0800015f   Thumb Code     0  startup_stm32f10x_hd.o(.text)
    RTC_IRQHandler                           0x0800015f   Thumb Code     0  startup_stm32f10x_hd.o(.text)
    SDIO_IRQHandler                          0x0800015f   Thumb Code     0  startup_stm32f10x_hd.o(.text)
    SPI1_IRQHandler                          0x0800015f   Thumb Code     0  startup_stm32f10x_hd.o(.text)
    SPI2_IRQHandler                          0x0800015f   Thumb Code     0  startup_stm32f10x_hd.o(.text)
    SPI3_IRQHandler                          0x0800015f   Thumb Code     0  startup_stm32f10x_hd.o(.text)
    TAMPER_IRQHandler                        0x0800015f   Thumb Code     0  startup_stm32f10x_hd.o(.text)
    TIM1_BRK_IRQHandler                      0x0800015f   Thumb Code     0  startup_stm32f10x_hd.o(.text)
    TIM1_CC_IRQHandler                       0x0800015f   Thumb Code     0  startup_stm32f10x_hd.o(.text)
    TIM1_TRG_COM_IRQHandler                  0x0800015f   Thumb Code     0  startup_stm32f10x_hd.o(.text)
    TIM1_UP_IRQHandler                       0x0800015f   Thumb Code     0  startup_stm32f10x_hd.o(.text)
    TIM3_IRQHandler                          0x0800015f   Thumb Code     0  startup_stm32f10x_hd.o(.text)
    TIM4_IRQHandler                          0x0800015f   Thumb Code     0  startup_stm32f10x_hd.o(.text)
    TIM5_IRQHandler                          0x0800015f   Thumb Code     0  startup_stm32f10x_hd.o(.text)
    TIM6_IRQHandler                          0x0800015f   Thumb Code     0  startup_stm32f10x_hd.o(.text)
    TIM7_IRQHandler                          0x0800015f   Thumb Code     0  startup_stm32f10x_hd.o(.text)
    TIM8_BRK_IRQHandler                      0x0800015f   Thumb Code     0  startup_stm32f10x_hd.o(.text)
    TIM8_CC_IRQHandler                       0x0800015f   Thumb Code     0  startup_stm32f10x_hd.o(.text)
    TIM8_TRG_COM_IRQHandler                  0x0800015f   Thumb Code     0  startup_stm32f10x_hd.o(.text)
    TIM8_UP_IRQHandler                       0x0800015f   Thumb Code     0  startup_stm32f10x_hd.o(.text)
    UART4_IRQHandler                         0x0800015f   Thumb Code     0  startup_stm32f10x_hd.o(.text)
    UART5_IRQHandler                         0x0800015f   Thumb Code     0  startup_stm32f10x_hd.o(.text)
    USART2_IRQHandler                        0x0800015f   Thumb Code     0  startup_stm32f10x_hd.o(.text)
    USART3_IRQHandler                        0x0800015f   Thumb Code     0  startup_stm32f10x_hd.o(.text)
    USBWakeUp_IRQHandler                     0x0800015f   Thumb Code     0  startup_stm32f10x_hd.o(.text)
    USB_HP_CAN1_TX_IRQHandler                0x0800015f   Thumb Code     0  startup_stm32f10x_hd.o(.text)
    USB_LP_CAN1_RX0_IRQHandler               0x0800015f   Thumb Code     0  startup_stm32f10x_hd.o(.text)
    WWDG_IRQHandler                          0x0800015f   Thumb Code     0  startup_stm32f10x_hd.o(.text)
    __aeabi_fadd                             0x08000169   Thumb Code   164  fadd.o(.text)
    __aeabi_fsub                             0x0800020d   Thumb Code     6  fadd.o(.text)
    __aeabi_frsub                            0x08000213   Thumb Code     6  fadd.o(.text)
    __aeabi_fmul                             0x08000219   Thumb Code   100  fmul.o(.text)
    __aeabi_fdiv                             0x0800027d   Thumb Code   124  fdiv.o(.text)
    __aeabi_dadd                             0x080002f9   Thumb Code   322  dadd.o(.text)
    __aeabi_dsub                             0x0800043b   Thumb Code     6  dadd.o(.text)
    __aeabi_drsub                            0x08000441   Thumb Code     6  dadd.o(.text)
    __aeabi_dmul                             0x08000447   Thumb Code   228  dmul.o(.text)
    __aeabi_ddiv                             0x0800052b   Thumb Code   222  ddiv.o(.text)
    __aeabi_ui2f                             0x08000609   Thumb Code    10  ffltui.o(.text)
    __aeabi_f2uiz                            0x08000613   Thumb Code    40  ffixui.o(.text)
    __aeabi_f2d                              0x0800063b   Thumb Code    38  f2d.o(.text)
    __aeabi_cfcmpeq                          0x08000661   Thumb Code     0  cfcmple.o(.text)
    __aeabi_cfcmple                          0x08000661   Thumb Code    20  cfcmple.o(.text)
    __aeabi_uidiv                            0x08000675   Thumb Code     0  uidiv.o(.text)
    __aeabi_uidivmod                         0x08000675   Thumb Code    44  uidiv.o(.text)
    __aeabi_uldivmod                         0x080006a1   Thumb Code    98  uldiv.o(.text)
    __aeabi_llsl                             0x08000703   Thumb Code    30  llshl.o(.text)
    _ll_shift_l                              0x08000703   Thumb Code     0  llshl.o(.text)
    __aeabi_llsr                             0x08000721   Thumb Code    32  llushr.o(.text)
    _ll_ushift_r                             0x08000721   Thumb Code     0  llushr.o(.text)
    __aeabi_lasr                             0x08000741   Thumb Code    36  llsshr.o(.text)
    _ll_sshift_r                             0x08000741   Thumb Code     0  llsshr.o(.text)
    __I$use$fp                               0x08000765   Thumb Code     0  iusefp.o(.text)
    _float_round                             0x08000765   Thumb Code    18  fepilogue.o(.text)
    _float_epilogue                          0x08000777   Thumb Code    92  fepilogue.o(.text)
    _double_round                            0x080007d3   Thumb Code    30  depilogue.o(.text)
    _double_epilogue                         0x080007f1   Thumb Code   156  depilogue.o(.text)
    __aeabi_d2ulz                            0x0800088d   Thumb Code    48  dfixul.o(.text)
    __aeabi_cdrcmple                         0x080008bd   Thumb Code    48  cdrcmple.o(.text)
    __scatterload                            0x080008ed   Thumb Code    28  init.o(.text)
    __scatterload_rt2                        0x080008ed   Thumb Code     0  init.o(.text)
    ADC_Cmd                                  0x08000911   Thumb Code    22  stm32f10x_adc.o(i.ADC_Cmd)
    ADC_DMACmd                               0x08000927   Thumb Code    22  stm32f10x_adc.o(i.ADC_DMACmd)
    ADC_DeInit                               0x0800093d   Thumb Code    78  stm32f10x_adc.o(i.ADC_DeInit)
    ADC_GetCalibrationStatus                 0x08000999   Thumb Code    20  stm32f10x_adc.o(i.ADC_GetCalibrationStatus)
    ADC_GetResetCalibrationStatus            0x080009ad   Thumb Code    20  stm32f10x_adc.o(i.ADC_GetResetCalibrationStatus)
    ADC_Init                                 0x080009c1   Thumb Code    70  stm32f10x_adc.o(i.ADC_Init)
    ADC_RegularChannelConfig                 0x08000a11   Thumb Code   184  stm32f10x_adc.o(i.ADC_RegularChannelConfig)
    ADC_ResetCalibration                     0x08000ac9   Thumb Code    10  stm32f10x_adc.o(i.ADC_ResetCalibration)
    ADC_SoftwareStartConvCmd                 0x08000ad3   Thumb Code    22  stm32f10x_adc.o(i.ADC_SoftwareStartConvCmd)
    ADC_StartCalibration                     0x08000ae9   Thumb Code    10  stm32f10x_adc.o(i.ADC_StartCalibration)
    Adc_Init                                 0x08000af5   Thumb Code   178  adc.o(i.Adc_Init)
    BusFault_Handler                         0x08000bb1   Thumb Code     4  stm32f10x_it.o(i.BusFault_Handler)
    DMA_Cmd                                  0x08000bb5   Thumb Code    24  stm32f10x_dma.o(i.DMA_Cmd)
    DMA_DeInit                               0x08000bcd   Thumb Code   324  stm32f10x_dma.o(i.DMA_DeInit)
    DMA_Init                                 0x08000d19   Thumb Code    60  stm32f10x_dma.o(i.DMA_Init)
    DebugMon_Handler                         0x08000d55   Thumb Code     2  stm32f10x_it.o(i.DebugMon_Handler)
    FSMC_NORSRAMCmd                          0x08000d59   Thumb Code    46  stm32f10x_fsmc.o(i.FSMC_NORSRAMCmd)
    FSMC_NORSRAMInit                         0x08000d8d   Thumb Code   230  stm32f10x_fsmc.o(i.FSMC_NORSRAMInit)
    GPIO_Init                                0x08000e73   Thumb Code   278  stm32f10x_gpio.o(i.GPIO_Init)
    GPIO_PinRemapConfig                      0x08000f89   Thumb Code   138  stm32f10x_gpio.o(i.GPIO_PinRemapConfig)
    GPIO_ReadInputDataBit                    0x08001019   Thumb Code    18  stm32f10x_gpio.o(i.GPIO_ReadInputDataBit)
    GPIO_ResetBits                           0x0800102b   Thumb Code     4  stm32f10x_gpio.o(i.GPIO_ResetBits)
    GPIO_SetBits                             0x0800102f   Thumb Code     4  stm32f10x_gpio.o(i.GPIO_SetBits)
    Get_ADCValue_Water                       0x08001035   Thumb Code    38  water.o(i.Get_ADCValue_Water)
    Get_LiquidHeight                         0x08001061   Thumb Code    96  water.o(i.Get_LiquidHeight)
    HardFault_Handler                        0x080010e1   Thumb Code     4  stm32f10x_it.o(i.HardFault_Handler)
    KEY_Init                                 0x080010e5   Thumb Code    52  key.o(i.KEY_Init)
    KEY_Scan                                 0x08001121   Thumb Code   148  key.o(i.KEY_Scan)
    LCD_Clear                                0x080011c1   Thumb Code    68  tftlcd.o(i.LCD_Clear)
    LCD_Display_Dir                          0x08001209   Thumb Code    82  tftlcd.o(i.LCD_Display_Dir)
    LCD_DrawFRONT_COLOR                      0x08001261   Thumb Code    28  tftlcd.o(i.LCD_DrawFRONT_COLOR)
    LCD_Set_Window                           0x0800127d   Thumb Code   166  tftlcd.o(i.LCD_Set_Window)
    LCD_ShowChar                             0x08001325   Thumb Code   272  tftlcd.o(i.LCD_ShowChar)
    LCD_ShowPicture                          0x0800144d   Thumb Code   138  tftlcd.o(i.LCD_ShowPicture)
    LCD_ShowString                           0x080014d7   Thumb Code   102  tftlcd.o(i.LCD_ShowString)
    LCD_WriteCmd                             0x0800153d   Thumb Code     6  tftlcd.o(i.LCD_WriteCmd)
    LCD_WriteCmdData                         0x08001549   Thumb Code    20  tftlcd.o(i.LCD_WriteCmdData)
    LCD_WriteData                            0x0800155d   Thumb Code     6  tftlcd.o(i.LCD_WriteData)
    LCD_WriteData_Color                      0x08001569   Thumb Code    12  tftlcd.o(i.LCD_WriteData_Color)
    LED_Init                                 0x08001579   Thumb Code    72  led.o(i.LED_Init)
    MYDMA_Config                             0x080015c9   Thumb Code    82  adc.o(i.MYDMA_Config)
    MemManage_Handler                        0x08001629   Thumb Code     4  stm32f10x_it.o(i.MemManage_Handler)
    NMI_Handler                              0x0800162d   Thumb Code     2  stm32f10x_it.o(i.NMI_Handler)
    NVIC_Init                                0x08001631   Thumb Code   100  misc.o(i.NVIC_Init)
    NVIC_PriorityGroupConfig                 0x080016a1   Thumb Code    10  misc.o(i.NVIC_PriorityGroupConfig)
    New_Lcd_Show_Init                        0x080016b5   Thumb Code   234  lcdshowinit.o(i.New_Lcd_Show_Init)
    PendSV_Handler                           0x080017ed   Thumb Code     2  stm32f10x_it.o(i.PendSV_Handler)
    RCC_ADCCLKConfig                         0x080017f1   Thumb Code    18  stm32f10x_rcc.o(i.RCC_ADCCLKConfig)
    RCC_AHBPeriphClockCmd                    0x08001809   Thumb Code    26  stm32f10x_rcc.o(i.RCC_AHBPeriphClockCmd)
    RCC_APB1PeriphClockCmd                   0x08001829   Thumb Code    26  stm32f10x_rcc.o(i.RCC_APB1PeriphClockCmd)
    RCC_APB2PeriphClockCmd                   0x08001849   Thumb Code    26  stm32f10x_rcc.o(i.RCC_APB2PeriphClockCmd)
    RCC_APB2PeriphResetCmd                   0x08001869   Thumb Code    26  stm32f10x_rcc.o(i.RCC_APB2PeriphResetCmd)
    RCC_GetClocksFreq                        0x08001889   Thumb Code   192  stm32f10x_rcc.o(i.RCC_GetClocksFreq)
    SVC_Handler                              0x0800195d   Thumb Code     2  stm32f10x_it.o(i.SVC_Handler)
    SysTick_CLKSourceConfig                  0x08001a49   Thumb Code    40  misc.o(i.SysTick_CLKSourceConfig)
    SysTick_Handler                          0x08001a71   Thumb Code     2  stm32f10x_it.o(i.SysTick_Handler)
    SysTick_Init                             0x08001a75   Thumb Code    52  systick.o(i.SysTick_Init)
    SystemInit                               0x08001ab1   Thumb Code    78  system_stm32f10x.o(i.SystemInit)
    TFTLCD_FSMC_Init                         0x08001b11   Thumb Code   126  tftlcd.o(i.TFTLCD_FSMC_Init)
    TFTLCD_GPIO_Init                         0x08001b91   Thumb Code   130  tftlcd.o(i.TFTLCD_GPIO_Init)
    TFTLCD_Init                              0x08001c29   Thumb Code   502  tftlcd.o(i.TFTLCD_Init)
    TIM2_IRQHandler                          0x08001e39   Thumb Code   146  waterflow.o(i.TIM2_IRQHandler)
    TIM_ClearITPendingBit                    0x08001edd   Thumb Code     6  stm32f10x_tim.o(i.TIM_ClearITPendingBit)
    TIM_GetCapture1                          0x08001ee3   Thumb Code     6  stm32f10x_tim.o(i.TIM_GetCapture1)
    TIM_GetITStatus                          0x08001ee9   Thumb Code    34  stm32f10x_tim.o(i.TIM_GetITStatus)
    USART1_IRQHandler                        0x08001f0d   Thumb Code   122  usart.o(i.USART1_IRQHandler)
    USART1_Init                              0x08001f95   Thumb Code   166  usart.o(i.USART1_Init)
    USART_ClearFlag                          0x08002045   Thumb Code    18  stm32f10x_usart.o(i.USART_ClearFlag)
    USART_Cmd                                0x08002057   Thumb Code    24  stm32f10x_usart.o(i.USART_Cmd)
    USART_GetFlagStatus                      0x0800206f   Thumb Code    26  stm32f10x_usart.o(i.USART_GetFlagStatus)
    USART_GetITStatus                        0x08002089   Thumb Code    84  stm32f10x_usart.o(i.USART_GetITStatus)
    USART_ITConfig                           0x080020dd   Thumb Code    74  stm32f10x_usart.o(i.USART_ITConfig)
    USART_Init                               0x08002129   Thumb Code   210  stm32f10x_usart.o(i.USART_Init)
    USART_ReceiveData                        0x08002201   Thumb Code    10  stm32f10x_usart.o(i.USART_ReceiveData)
    USART_SendData                           0x0800220b   Thumb Code     8  stm32f10x_usart.o(i.USART_SendData)
    UsageFault_Handler                       0x08002213   Thumb Code     4  stm32f10x_it.o(i.UsageFault_Handler)
    Usart2_Init                              0x08002219   Thumb Code   244  usart.o(i.Usart2_Init)
    UsartPrintf                              0x0800231d   Thumb Code    72  usart.o(i.UsartPrintf)
    __0printf                                0x08002365   Thumb Code    22  printfa.o(i.__0printf)
    __1printf                                0x08002365   Thumb Code     0  printfa.o(i.__0printf)
    __2printf                                0x08002365   Thumb Code     0  printfa.o(i.__0printf)
    __c89printf                              0x08002365   Thumb Code     0  printfa.o(i.__0printf)
    printf                                   0x08002365   Thumb Code     0  printfa.o(i.__0printf)
    __0sprintf                               0x08002385   Thumb Code    34  printfa.o(i.__0sprintf)
    __1sprintf                               0x08002385   Thumb Code     0  printfa.o(i.__0sprintf)
    __2sprintf                               0x08002385   Thumb Code     0  printfa.o(i.__0sprintf)
    __c89sprintf                             0x08002385   Thumb Code     0  printfa.o(i.__0sprintf)
    sprintf                                  0x08002385   Thumb Code     0  printfa.o(i.__0sprintf)
    __0vsnprintf                             0x080023ad   Thumb Code    40  printfa.o(i.__0vsnprintf)
    __1vsnprintf                             0x080023ad   Thumb Code     0  printfa.o(i.__0vsnprintf)
    __2vsnprintf                             0x080023ad   Thumb Code     0  printfa.o(i.__0vsnprintf)
    __c89vsnprintf                           0x080023ad   Thumb Code     0  printfa.o(i.__0vsnprintf)
    vsnprintf                                0x080023ad   Thumb Code     0  printfa.o(i.__0vsnprintf)
    __scatterload_copy                       0x080023d9   Thumb Code    14  handlers.o(i.__scatterload_copy)
    __scatterload_null                       0x080023e7   Thumb Code     2  handlers.o(i.__scatterload_null)
    __scatterload_zeroinit                   0x080023e9   Thumb Code    14  handlers.o(i.__scatterload_zeroinit)
    button_count                             0x08002ccb   Thumb Code    18  lcdshowinit.o(i.button_count)
    delay_ms                                 0x08002cdd   Thumb Code    72  systick.o(i.delay_ms)
    fputc                                    0x08002d29   Thumb Code    32  usart.o(i.fputc)
    init_GPIO_PA11                           0x08002d4d   Thumb Code    42  led.o(i.init_GPIO_PA11)
    main                                     0x08002d7d   Thumb Code   416  main.o(i.main)
    pump_init                                0x08002f61   Thumb Code    60  waterpump.o(i.pump_init)
    pump_start_1                             0x08002fa1   Thumb Code    14  waterpump.o(i.pump_start_1)
    pump_start_2                             0x08002fb5   Thumb Code    14  waterpump.o(i.pump_start_2)
    pump_stop_1                              0x08002fc9   Thumb Code    14  waterpump.o(i.pump_stop_1)
    pump_stop_2                              0x08002fdd   Thumb Code    14  waterpump.o(i.pump_stop_2)
    u16_to_string                            0x08002ff1   Thumb Code    18  lcdshowinit.o(i.u16_to_string)
    ascii_1206                               0x08003008   Data        1140  tftlcd.o(.constdata)
    ascii_1608                               0x0800347c   Data        1520  tftlcd.o(.constdata)
    ascii_2412                               0x08003a6c   Data        3420  tftlcd.o(.constdata)
    ascii_3216                               0x080047c8   Data       12160  tftlcd.o(.constdata)
    CnChar32x29                              0x08007748   Data         472  tftlcd.o(.constdata)
    gImage_DavidNan                          0x08007920   Data       20000  lcdshowinit.o(.constdata)
    Region$$Table$$Base                      0x0800c740   Number         0  anon$$obj.o(Region$$Table)
    Region$$Table$$Limit                     0x0800c760   Number         0  anon$$obj.o(Region$$Table)
    FRONT_COLOR                              0x20000014   Data           2  tftlcd.o(.data)
    BACK_COLOR                               0x20000016   Data           2  tftlcd.o(.data)
    tftlcd_data                              0x20000018   Data           8  tftlcd.o(.data)
    my_num                                   0x20000022   Data           2  lcdshowinit.o(.data)
    ADC_ConvertedValue                       0x20000024   Data           4  adc.o(.data)
    pulse_count                              0x20000028   Data           4  waterflow.o(.data)
    last_capture                             0x2000002c   Data           4  waterflow.o(.data)
    flow_rate                                0x20000030   Data           4  waterflow.o(.data)
    USART1_RX_STA                            0x20000038   Data           2  usart.o(.data)
    __stdout                                 0x2000003c   Data           4  stdout.o(.data)
    my_str                                   0x20000040   Data          10  lcdshowinit.o(.bss)
    USART1_RX_BUF                            0x2000004a   Data         200  usart.o(.bss)
    __initial_sp                             0x20000518   Data           0  startup_stm32f10x_hd.o(STACK)



==============================================================================

Memory Map of the image

  Image Entry point : 0x08000131

  Load Region LR_IROM1 (Base: 0x08000000, Size: 0x0000c7a0, Max: 0x00080000, ABSOLUTE)

    Execution Region ER_IROM1 (Exec base: 0x08000000, Load base: 0x08000000, Size: 0x0000c760, Max: 0x00080000, ABSOLUTE)

    Exec Addr    Load Addr    Size         Type   Attr      Idx    E Section Name        Object

    0x08000000   0x08000000   0x00000130   Data   RO          234    RESET               startup_stm32f10x_hd.o
    0x08000130   0x08000130   0x00000000   Code   RO         3055  * .ARM.Collect$$$$00000000  mc_w.l(entry.o)
    0x08000130   0x08000130   0x00000004   Code   RO         3376    .ARM.Collect$$$$00000001  mc_w.l(entry2.o)
    0x08000134   0x08000134   0x00000004   Code   RO         3379    .ARM.Collect$$$$00000004  mc_w.l(entry5.o)
    0x08000138   0x08000138   0x00000000   Code   RO         3381    .ARM.Collect$$$$00000008  mc_w.l(entry7b.o)
    0x08000138   0x08000138   0x00000000   Code   RO         3383    .ARM.Collect$$$$0000000A  mc_w.l(entry8b.o)
    0x08000138   0x08000138   0x00000008   Code   RO         3384    .ARM.Collect$$$$0000000B  mc_w.l(entry9a.o)
    0x08000140   0x08000140   0x00000000   Code   RO         3386    .ARM.Collect$$$$0000000D  mc_w.l(entry10a.o)
    0x08000140   0x08000140   0x00000000   Code   RO         3388    .ARM.Collect$$$$0000000F  mc_w.l(entry11a.o)
    0x08000140   0x08000140   0x00000004   Code   RO         3377    .ARM.Collect$$$$00002712  mc_w.l(entry2.o)
    0x08000144   0x08000144   0x00000024   Code   RO          235    .text               startup_stm32f10x_hd.o
    0x08000168   0x08000168   0x000000b0   Code   RO         3319    .text               mf_w.l(fadd.o)
    0x08000218   0x08000218   0x00000064   Code   RO         3321    .text               mf_w.l(fmul.o)
    0x0800027c   0x0800027c   0x0000007c   Code   RO         3323    .text               mf_w.l(fdiv.o)
    0x080002f8   0x080002f8   0x0000014e   Code   RO         3325    .text               mf_w.l(dadd.o)
    0x08000446   0x08000446   0x000000e4   Code   RO         3327    .text               mf_w.l(dmul.o)
    0x0800052a   0x0800052a   0x000000de   Code   RO         3329    .text               mf_w.l(ddiv.o)
    0x08000608   0x08000608   0x0000000a   Code   RO         3333    .text               mf_w.l(ffltui.o)
    0x08000612   0x08000612   0x00000028   Code   RO         3337    .text               mf_w.l(ffixui.o)
    0x0800063a   0x0800063a   0x00000026   Code   RO         3343    .text               mf_w.l(f2d.o)
    0x08000660   0x08000660   0x00000014   Code   RO         3347    .text               mf_w.l(cfcmple.o)
    0x08000674   0x08000674   0x0000002c   Code   RO         3391    .text               mc_w.l(uidiv.o)
    0x080006a0   0x080006a0   0x00000062   Code   RO         3393    .text               mc_w.l(uldiv.o)
    0x08000702   0x08000702   0x0000001e   Code   RO         3395    .text               mc_w.l(llshl.o)
    0x08000720   0x08000720   0x00000020   Code   RO         3397    .text               mc_w.l(llushr.o)
    0x08000740   0x08000740   0x00000024   Code   RO         3399    .text               mc_w.l(llsshr.o)
    0x08000764   0x08000764   0x00000000   Code   RO         3408    .text               mc_w.l(iusefp.o)
    0x08000764   0x08000764   0x0000006e   Code   RO         3409    .text               mf_w.l(fepilogue.o)
    0x080007d2   0x080007d2   0x000000ba   Code   RO         3411    .text               mf_w.l(depilogue.o)
    0x0800088c   0x0800088c   0x00000030   Code   RO         3417    .text               mf_w.l(dfixul.o)
    0x080008bc   0x080008bc   0x00000030   Code   RO         3419    .text               mf_w.l(cdrcmple.o)
    0x080008ec   0x080008ec   0x00000024   Code   RO         3421    .text               mc_w.l(init.o)
    0x08000910   0x08000910   0x00000016   Code   RO         1612    i.ADC_Cmd           stm32f10x_adc.o
    0x08000926   0x08000926   0x00000016   Code   RO         1613    i.ADC_DMACmd        stm32f10x_adc.o
    0x0800093c   0x0800093c   0x0000005c   Code   RO         1614    i.ADC_DeInit        stm32f10x_adc.o
    0x08000998   0x08000998   0x00000014   Code   RO         1620    i.ADC_GetCalibrationStatus  stm32f10x_adc.o
    0x080009ac   0x080009ac   0x00000014   Code   RO         1626    i.ADC_GetResetCalibrationStatus  stm32f10x_adc.o
    0x080009c0   0x080009c0   0x00000050   Code   RO         1630    i.ADC_Init          stm32f10x_adc.o
    0x08000a10   0x08000a10   0x000000b8   Code   RO         1634    i.ADC_RegularChannelConfig  stm32f10x_adc.o
    0x08000ac8   0x08000ac8   0x0000000a   Code   RO         1635    i.ADC_ResetCalibration  stm32f10x_adc.o
    0x08000ad2   0x08000ad2   0x00000016   Code   RO         1637    i.ADC_SoftwareStartConvCmd  stm32f10x_adc.o
    0x08000ae8   0x08000ae8   0x0000000a   Code   RO         1639    i.ADC_StartCalibration  stm32f10x_adc.o
    0x08000af2   0x08000af2   0x00000002   PAD
    0x08000af4   0x08000af4   0x000000bc   Code   RO         2777    i.Adc_Init          adc.o
    0x08000bb0   0x08000bb0   0x00000004   Code   RO          147    i.BusFault_Handler  stm32f10x_it.o
    0x08000bb4   0x08000bb4   0x00000018   Code   RO         1908    i.DMA_Cmd           stm32f10x_dma.o
    0x08000bcc   0x08000bcc   0x0000014c   Code   RO         1909    i.DMA_DeInit        stm32f10x_dma.o
    0x08000d18   0x08000d18   0x0000003c   Code   RO         1914    i.DMA_Init          stm32f10x_dma.o
    0x08000d54   0x08000d54   0x00000002   Code   RO          148    i.DebugMon_Handler  stm32f10x_it.o
    0x08000d56   0x08000d56   0x00000002   PAD
    0x08000d58   0x08000d58   0x00000034   Code   RO         2234    i.FSMC_NORSRAMCmd   stm32f10x_fsmc.o
    0x08000d8c   0x08000d8c   0x000000e6   Code   RO         2236    i.FSMC_NORSRAMInit  stm32f10x_fsmc.o
    0x08000e72   0x08000e72   0x00000116   Code   RO          246    i.GPIO_Init         stm32f10x_gpio.o
    0x08000f88   0x08000f88   0x00000090   Code   RO          248    i.GPIO_PinRemapConfig  stm32f10x_gpio.o
    0x08001018   0x08001018   0x00000012   Code   RO          250    i.GPIO_ReadInputDataBit  stm32f10x_gpio.o
    0x0800102a   0x0800102a   0x00000004   Code   RO          253    i.GPIO_ResetBits    stm32f10x_gpio.o
    0x0800102e   0x0800102e   0x00000004   Code   RO          254    i.GPIO_SetBits      stm32f10x_gpio.o
    0x08001032   0x08001032   0x00000002   PAD
    0x08001034   0x08001034   0x0000002c   Code   RO         2700    i.Get_ADCValue_Water  water.o
    0x08001060   0x08001060   0x00000080   Code   RO         2701    i.Get_LiquidHeight  water.o
    0x080010e0   0x080010e0   0x00000004   Code   RO          149    i.HardFault_Handler  stm32f10x_it.o
    0x080010e4   0x080010e4   0x0000003c   Code   RO         2629    i.KEY_Init          key.o
    0x08001120   0x08001120   0x000000a0   Code   RO         2630    i.KEY_Scan          key.o
    0x080011c0   0x080011c0   0x00000048   Code   RO         2426    i.LCD_Clear         tftlcd.o
    0x08001208   0x08001208   0x00000058   Code   RO         2428    i.LCD_Display_Dir   tftlcd.o
    0x08001260   0x08001260   0x0000001c   Code   RO         2429    i.LCD_DrawFRONT_COLOR  tftlcd.o
    0x0800127c   0x0800127c   0x000000a6   Code   RO         2442    i.LCD_Set_Window    tftlcd.o
    0x08001322   0x08001322   0x00000002   PAD
    0x08001324   0x08001324   0x00000128   Code   RO         2443    i.LCD_ShowChar      tftlcd.o
    0x0800144c   0x0800144c   0x0000008a   Code   RO         2446    i.LCD_ShowPicture   tftlcd.o
    0x080014d6   0x080014d6   0x00000066   Code   RO         2447    i.LCD_ShowString    tftlcd.o
    0x0800153c   0x0800153c   0x0000000c   Code   RO         2449    i.LCD_WriteCmd      tftlcd.o
    0x08001548   0x08001548   0x00000014   Code   RO         2450    i.LCD_WriteCmdData  tftlcd.o
    0x0800155c   0x0800155c   0x0000000c   Code   RO         2451    i.LCD_WriteData     tftlcd.o
    0x08001568   0x08001568   0x00000010   Code   RO         2452    i.LCD_WriteData_Color  tftlcd.o
    0x08001578   0x08001578   0x00000050   Code   RO         2387    i.LED_Init          led.o
    0x080015c8   0x080015c8   0x00000060   Code   RO         2778    i.MYDMA_Config      adc.o
    0x08001628   0x08001628   0x00000004   Code   RO          150    i.MemManage_Handler  stm32f10x_it.o
    0x0800162c   0x0800162c   0x00000002   Code   RO          151    i.NMI_Handler       stm32f10x_it.o
    0x0800162e   0x0800162e   0x00000002   PAD
    0x08001630   0x08001630   0x00000070   Code   RO          554    i.NVIC_Init         misc.o
    0x080016a0   0x080016a0   0x00000014   Code   RO          555    i.NVIC_PriorityGroupConfig  misc.o
    0x080016b4   0x080016b4   0x00000138   Code   RO         2666    i.New_Lcd_Show_Init  lcdshowinit.o
    0x080017ec   0x080017ec   0x00000002   Code   RO          152    i.PendSV_Handler    stm32f10x_it.o
    0x080017ee   0x080017ee   0x00000002   PAD
    0x080017f0   0x080017f0   0x00000018   Code   RO          354    i.RCC_ADCCLKConfig  stm32f10x_rcc.o
    0x08001808   0x08001808   0x00000020   Code   RO          355    i.RCC_AHBPeriphClockCmd  stm32f10x_rcc.o
    0x08001828   0x08001828   0x00000020   Code   RO          356    i.RCC_APB1PeriphClockCmd  stm32f10x_rcc.o
    0x08001848   0x08001848   0x00000020   Code   RO          358    i.RCC_APB2PeriphClockCmd  stm32f10x_rcc.o
    0x08001868   0x08001868   0x00000020   Code   RO          359    i.RCC_APB2PeriphResetCmd  stm32f10x_rcc.o
    0x08001888   0x08001888   0x000000d4   Code   RO          366    i.RCC_GetClocksFreq  stm32f10x_rcc.o
    0x0800195c   0x0800195c   0x00000002   Code   RO          153    i.SVC_Handler       stm32f10x_it.o
    0x0800195e   0x0800195e   0x00000008   Code   RO         2343    i.SetSysClock       system_stm32f10x.o
    0x08001966   0x08001966   0x00000002   PAD
    0x08001968   0x08001968   0x000000e0   Code   RO         2344    i.SetSysClockTo72   system_stm32f10x.o
    0x08001a48   0x08001a48   0x00000028   Code   RO          558    i.SysTick_CLKSourceConfig  misc.o
    0x08001a70   0x08001a70   0x00000002   Code   RO          154    i.SysTick_Handler   stm32f10x_it.o
    0x08001a72   0x08001a72   0x00000002   PAD
    0x08001a74   0x08001a74   0x0000003c   Code   RO         2918    i.SysTick_Init      systick.o
    0x08001ab0   0x08001ab0   0x00000060   Code   RO         2346    i.SystemInit        system_stm32f10x.o
    0x08001b10   0x08001b10   0x0000007e   Code   RO         2453    i.TFTLCD_FSMC_Init  tftlcd.o
    0x08001b8e   0x08001b8e   0x00000002   PAD
    0x08001b90   0x08001b90   0x00000098   Code   RO         2454    i.TFTLCD_GPIO_Init  tftlcd.o
    0x08001c28   0x08001c28   0x00000210   Code   RO         2455    i.TFTLCD_Init       tftlcd.o
    0x08001e38   0x08001e38   0x000000a4   Code   RO         2842    i.TIM2_IRQHandler   waterflow.o
    0x08001edc   0x08001edc   0x00000006   Code   RO          655    i.TIM_ClearITPendingBit  stm32f10x_tim.o
    0x08001ee2   0x08001ee2   0x00000006   Code   RO          675    i.TIM_GetCapture1   stm32f10x_tim.o
    0x08001ee8   0x08001ee8   0x00000022   Code   RO          681    i.TIM_GetITStatus   stm32f10x_tim.o
    0x08001f0a   0x08001f0a   0x00000002   PAD
    0x08001f0c   0x08001f0c   0x00000088   Code   RO         2948    i.USART1_IRQHandler  usart.o
    0x08001f94   0x08001f94   0x000000b0   Code   RO         2949    i.USART1_Init       usart.o
    0x08002044   0x08002044   0x00000012   Code   RO         1192    i.USART_ClearFlag   stm32f10x_usart.o
    0x08002056   0x08002056   0x00000018   Code   RO         1196    i.USART_Cmd         stm32f10x_usart.o
    0x0800206e   0x0800206e   0x0000001a   Code   RO         1199    i.USART_GetFlagStatus  stm32f10x_usart.o
    0x08002088   0x08002088   0x00000054   Code   RO         1200    i.USART_GetITStatus  stm32f10x_usart.o
    0x080020dc   0x080020dc   0x0000004a   Code   RO         1202    i.USART_ITConfig    stm32f10x_usart.o
    0x08002126   0x08002126   0x00000002   PAD
    0x08002128   0x08002128   0x000000d8   Code   RO         1203    i.USART_Init        stm32f10x_usart.o
    0x08002200   0x08002200   0x0000000a   Code   RO         1210    i.USART_ReceiveData  stm32f10x_usart.o
    0x0800220a   0x0800220a   0x00000008   Code   RO         1213    i.USART_SendData    stm32f10x_usart.o
    0x08002212   0x08002212   0x00000004   Code   RO          155    i.UsageFault_Handler  stm32f10x_it.o
    0x08002216   0x08002216   0x00000002   PAD
    0x08002218   0x08002218   0x00000104   Code   RO         2950    i.Usart2_Init       usart.o
    0x0800231c   0x0800231c   0x00000048   Code   RO         2951    i.UsartPrintf       usart.o
    0x08002364   0x08002364   0x00000020   Code   RO         3291    i.__0printf         mc_w.l(printfa.o)
    0x08002384   0x08002384   0x00000028   Code   RO         3293    i.__0sprintf        mc_w.l(printfa.o)
    0x080023ac   0x080023ac   0x0000002c   Code   RO         3296    i.__0vsnprintf      mc_w.l(printfa.o)
    0x080023d8   0x080023d8   0x0000000e   Code   RO         3429    i.__scatterload_copy  mc_w.l(handlers.o)
    0x080023e6   0x080023e6   0x00000002   Code   RO         3430    i.__scatterload_null  mc_w.l(handlers.o)
    0x080023e8   0x080023e8   0x0000000e   Code   RO         3431    i.__scatterload_zeroinit  mc_w.l(handlers.o)
    0x080023f6   0x080023f6   0x00000002   PAD
    0x080023f8   0x080023f8   0x00000184   Code   RO         3298    i._fp_digits        mc_w.l(printfa.o)
    0x0800257c   0x0800257c   0x000006dc   Code   RO         3299    i._printf_core      mc_w.l(printfa.o)
    0x08002c58   0x08002c58   0x00000024   Code   RO         3300    i._printf_post_padding  mc_w.l(printfa.o)
    0x08002c7c   0x08002c7c   0x0000002e   Code   RO         3301    i._printf_pre_padding  mc_w.l(printfa.o)
    0x08002caa   0x08002caa   0x00000016   Code   RO         3302    i._snputc           mc_w.l(printfa.o)
    0x08002cc0   0x08002cc0   0x0000000a   Code   RO         3303    i._sputc            mc_w.l(printfa.o)
    0x08002cca   0x08002cca   0x00000012   Code   RO         2667    i.button_count      lcdshowinit.o
    0x08002cdc   0x08002cdc   0x0000004c   Code   RO         2919    i.delay_ms          systick.o
    0x08002d28   0x08002d28   0x00000024   Code   RO         2953    i.fputc             usart.o
    0x08002d4c   0x08002d4c   0x00000030   Code   RO         2389    i.init_GPIO_PA11    led.o
    0x08002d7c   0x08002d7c   0x000001e4   Code   RO            1    i.main              main.o
    0x08002f60   0x08002f60   0x00000040   Code   RO         2801    i.pump_init         waterpump.o
    0x08002fa0   0x08002fa0   0x00000014   Code   RO         2802    i.pump_start_1      waterpump.o
    0x08002fb4   0x08002fb4   0x00000014   Code   RO         2803    i.pump_start_2      waterpump.o
    0x08002fc8   0x08002fc8   0x00000014   Code   RO         2804    i.pump_stop_1       waterpump.o
    0x08002fdc   0x08002fdc   0x00000014   Code   RO         2805    i.pump_stop_2       waterpump.o
    0x08002ff0   0x08002ff0   0x00000018   Code   RO         2668    i.u16_to_string     lcdshowinit.o
    0x08003008   0x08003008   0x00004918   Data   RO         2456    .constdata          tftlcd.o
    0x08007920   0x08007920   0x00004e20   Data   RO         2670    .constdata          lcdshowinit.o
    0x0800c740   0x0800c740   0x00000020   Data   RO         3427    Region$$Table       anon$$obj.o


    Execution Region RW_IRAM1 (Exec base: 0x20000000, Load base: 0x0800c760, Size: 0x00000518, Max: 0x00010000, ABSOLUTE)

    Exec Addr    Load Addr    Size         Type   Attr      Idx    E Section Name        Object

    0x20000000   0x0800c760   0x00000014   Data   RW          386    .data               stm32f10x_rcc.o
    0x20000014   0x0800c774   0x0000000c   Data   RW         2457    .data               tftlcd.o
    0x20000020   0x0800c780   0x00000001   Data   RW         2631    .data               key.o
    0x20000021   0x0800c781   0x00000001   PAD
    0x20000022   0x0800c782   0x00000002   Data   RW         2671    .data               lcdshowinit.o
    0x20000024   0x0800c784   0x00000004   Data   RW         2779    .data               adc.o
    0x20000028   0x0800c788   0x0000000c   Data   RW         2844    .data               waterflow.o
    0x20000034   0x0800c794   0x00000004   Data   RW         2921    .data               systick.o
    0x20000038   0x0800c798   0x00000002   Data   RW         2955    .data               usart.o
    0x2000003a   0x0800c79a   0x00000002   PAD
    0x2000003c   0x0800c79c   0x00000004   Data   RW         3390    .data               mc_w.l(stdout.o)
    0x20000040        -       0x0000000a   Zero   RW         2669    .bss                lcdshowinit.o
    0x2000004a        -       0x000000c8   Zero   RW         2954    .bss                usart.o
    0x20000112   0x0800c7a0   0x00000006   PAD
    0x20000118        -       0x00000400   Zero   RW          232    STACK               startup_stm32f10x_hd.o


==============================================================================

Image component sizes


      Code (inc. data)   RO Data    RW Data    ZI Data      Debug   Object Name

       284         24          0          4          0       1579   adc.o
       220         20          0          1          0       1078   key.o
       354         84      20000          2         10       2375   lcdshowinit.o
       128         14          0          0          0        908   led.o
       484         68          0          0          0     280431   main.o
       172         22          0          0          0       2105   misc.o
        36          8        304          0       1024        816   startup_stm32f10x_hd.o
       482         24          0          0          0       8062   stm32f10x_adc.o
       416          8          0          0          0       3462   stm32f10x_dma.o
       282          6          0          0          0       1853   stm32f10x_fsmc.o
       448          6          0          0          0       4546   stm32f10x_gpio.o
        26          0          0          0          0       3530   stm32f10x_it.o
       364         50          0         20          0       6174   stm32f10x_rcc.o
        46          0          0          0          0       2332   stm32f10x_tim.o
       460          6          0          0          0       6803   stm32f10x_usart.o
       328         28          0          0          0       1817   system_stm32f10x.o
       136         12          0          4          0       1126   systick.o
      1756         98      18712         12          0      10712   tftlcd.o
       680         44          0          2        200       5520   usart.o
       172         38          0          0          0       1028   water.o
       164         18          0         12          0       1367   waterflow.o
       144         28          0          0          0       2178   waterpump.o

    ----------------------------------------------------------------------
      7606        606      39048         60       1240     349802   Object Totals
         0          0         32          0          0          0   (incl. Generated)
        24          0          0          3          6          0   (incl. Padding)

    ----------------------------------------------------------------------

      Code (inc. data)   RO Data    RW Data    ZI Data      Debug   Library Member Name

         0          0          0          0          0          0   entry.o
         0          0          0          0          0          0   entry10a.o
         0          0          0          0          0          0   entry11a.o
         8          4          0          0          0          0   entry2.o
         4          0          0          0          0          0   entry5.o
         0          0          0          0          0          0   entry7b.o
         0          0          0          0          0          0   entry8b.o
         8          4          0          0          0          0   entry9a.o
        30          0          0          0          0          0   handlers.o
        36          8          0          0          0         68   init.o
         0          0          0          0          0          0   iusefp.o
        30          0          0          0          0         68   llshl.o
        36          0          0          0          0         68   llsshr.o
        32          0          0          0          0         68   llushr.o
      2374        100          0          0          0        752   printfa.o
         0          0          0          4          0          0   stdout.o
        44          0          0          0          0         80   uidiv.o
        98          0          0          0          0         92   uldiv.o
        48          0          0          0          0         68   cdrcmple.o
        20          0          0          0          0         68   cfcmple.o
       334          0          0          0          0        148   dadd.o
       222          0          0          0          0        100   ddiv.o
       186          0          0          0          0        176   depilogue.o
        48          0          0          0          0         68   dfixul.o
       228          0          0          0          0         96   dmul.o
        38          0          0          0          0         68   f2d.o
       176          0          0          0          0        140   fadd.o
       124          0          0          0          0         88   fdiv.o
       110          0          0          0          0        168   fepilogue.o
        40          0          0          0          0         68   ffixui.o
        10          0          0          0          0         68   ffltui.o
       100          0          0          0          0         76   fmul.o

    ----------------------------------------------------------------------
      4386        116          0          4          0       2596   Library Totals
         2          0          0          0          0          0   (incl. Padding)

    ----------------------------------------------------------------------

      Code (inc. data)   RO Data    RW Data    ZI Data      Debug   Library Name

      2700        116          0          4          0       1196   mc_w.l
      1684          0          0          0          0       1400   mf_w.l

    ----------------------------------------------------------------------
      4386        116          0          4          0       2596   Library Totals

    ----------------------------------------------------------------------

==============================================================================


      Code (inc. data)   RO Data    RW Data    ZI Data      Debug   

     11992        722      39048         64       1240     346622   Grand Totals
     11992        722      39048         64       1240     346622   ELF Image Totals
     11992        722      39048         64          0          0   ROM Totals

==============================================================================

    Total RO  Size (Code + RO Data)                51040 (  49.84kB)
    Total RW  Size (RW Data + ZI Data)              1304 (   1.27kB)
    Total ROM Size (Code + RO Data + RW Data)      51104 (  49.91kB)

==============================================================================

